[2025-05-04T11:24:08.767+0000][0.003s] Using G1
[2025-05-04T11:24:08.920+0000][0.156s] Version: 17.0.10+7 (release)
[2025-05-04T11:24:08.920+0000][0.156s] CPUs: 8 total, 8 available
[2025-05-04T11:24:08.920+0000][0.156s] Memory: 3919M
[2025-05-04T11:24:08.920+0000][0.156s] Large Page Support: Disabled
[2025-05-04T11:24:08.920+0000][0.156s] NUMA Support: Disabled
[2025-05-04T11:24:08.920+0000][0.156s] Compressed Oops: Enabled (32-bit)
[2025-05-04T11:24:08.920+0000][0.156s] Heap Region Size: 1M
[2025-05-04T11:24:08.920+0000][0.156s] Heap Min Capacity: 512M
[2025-05-04T11:24:08.920+0000][0.156s] Heap Initial Capacity: 512M
[2025-05-04T11:24:08.920+0000][0.156s] Heap Max Capacity: 512M
[2025-05-04T11:24:08.920+0000][0.156s] Pre-touch: Enabled
[2025-05-04T11:24:08.920+0000][0.157s] Parallel Workers: 8
[2025-05-04T11:24:08.920+0000][0.157s] Concurrent Workers: 2
[2025-05-04T11:24:08.920+0000][0.157s] Concurrent Refinement Workers: 8
[2025-05-04T11:24:08.920+0000][0.157s] Periodic GC: Disabled
[2025-05-04T11:24:08.925+0000][0.161s] CDS archive(s) mapped at: [0x0000003800000000-0x0000003800a5f000-0x0000003800a5f000), size 10874880, SharedBaseAddress: 0x0000003800000000, ArchiveRelocationMode: 1.
[2025-05-04T11:24:08.925+0000][0.161s] Compressed class space mapped at: 0x0000003801000000-0x0000003841000000, reserved size: 1073741824
[2025-05-04T11:24:08.925+0000][0.161s] Narrow klass base: 0x0000003800000000, Narrow klass shift: 0, Narrow klass range: 0x100000000
[2025-05-04T11:24:09.226+0000][0.462s] GC(0) Pause Young (Normal) (G1 Evacuation Pause)
[2025-05-04T11:24:09.226+0000][0.462s] GC(0) Using 8 workers of 8 for evacuation
[2025-05-04T11:24:09.228+0000][0.465s] GC(0)   Pre Evacuate Collection Set: 0.1ms
[2025-05-04T11:24:09.228+0000][0.465s] GC(0)   Merge Heap Roots: 0.1ms
[2025-05-04T11:24:09.229+0000][0.465s] GC(0)   Evacuate Collection Set: 1.9ms
[2025-05-04T11:24:09.229+0000][0.465s] GC(0)   Post Evacuate Collection Set: 0.3ms
[2025-05-04T11:24:09.229+0000][0.465s] GC(0)   Other: 0.2ms
[2025-05-04T11:24:09.229+0000][0.465s] GC(0) Eden regions: 29->0(59)
[2025-05-04T11:24:09.229+0000][0.465s] GC(0) Survivor regions: 0->4(4)
[2025-05-04T11:24:09.229+0000][0.465s] GC(0) Old regions: 0->1
[2025-05-04T11:24:09.229+0000][0.465s] GC(0) Archive regions: 2->2
[2025-05-04T11:24:09.229+0000][0.465s] GC(0) Humongous regions: 0->0
[2025-05-04T11:24:09.229+0000][0.465s] GC(0) Metaspace: 9809K(10048K)->9809K(10048K) NonClass: 8600K(8704K)->8600K(8704K) Class: 1208K(1344K)->1208K(1344K)
[2025-05-04T11:24:09.229+0000][0.465s] GC(0) Pause Young (Normal) (G1 Evacuation Pause) 29M->5M(512M) 2.881ms
[2025-05-04T11:24:09.229+0000][0.465s] GC(0) User=0.01s Sys=0.00s Real=0.00s
[2025-05-04T11:24:09.454+0000][0.691s] GC(1) Pause Young (Normal) (G1 Evacuation Pause)
[2025-05-04T11:24:09.455+0000][0.691s] GC(1) Using 8 workers of 8 for evacuation
[2025-05-04T11:24:09.460+0000][0.697s] GC(1)   Pre Evacuate Collection Set: 0.1ms
[2025-05-04T11:24:09.460+0000][0.697s] GC(1)   Merge Heap Roots: 0.1ms
[2025-05-04T11:24:09.460+0000][0.697s] GC(1)   Evacuate Collection Set: 4.8ms
[2025-05-04T11:24:09.460+0000][0.697s] GC(1)   Post Evacuate Collection Set: 0.4ms
[2025-05-04T11:24:09.460+0000][0.697s] GC(1)   Other: 0.5ms
[2025-05-04T11:24:09.460+0000][0.697s] GC(1) Eden regions: 59->0(75)
[2025-05-04T11:24:09.460+0000][0.697s] GC(1) Survivor regions: 4->8(8)
[2025-05-04T11:24:09.460+0000][0.697s] GC(1) Old regions: 1->7
[2025-05-04T11:24:09.460+0000][0.697s] GC(1) Archive regions: 2->2
[2025-05-04T11:24:09.460+0000][0.697s] GC(1) Humongous regions: 4->4
[2025-05-04T11:24:09.461+0000][0.697s] GC(1) Metaspace: 17688K(17920K)->17688K(17920K) NonClass: 15494K(15616K)->15494K(15616K) Class: 2194K(2304K)->2194K(2304K)
[2025-05-04T11:24:09.461+0000][0.697s] GC(1) Pause Young (Normal) (G1 Evacuation Pause) 68M->19M(512M) 6.336ms
[2025-05-04T11:24:09.461+0000][0.697s] GC(1) User=0.04s Sys=0.00s Real=0.00s
[2025-05-04T11:24:09.642+0000][0.878s] GC(2) Pause Young (Concurrent Start) (Metadata GC Threshold)
[2025-05-04T11:24:09.642+0000][0.879s] GC(2) Using 8 workers of 8 for evacuation
[2025-05-04T11:24:09.647+0000][0.883s] GC(2)   Pre Evacuate Collection Set: 0.2ms
[2025-05-04T11:24:09.647+0000][0.883s] GC(2)   Merge Heap Roots: 0.1ms
[2025-05-04T11:24:09.647+0000][0.883s] GC(2)   Evacuate Collection Set: 3.5ms
[2025-05-04T11:24:09.647+0000][0.883s] GC(2)   Post Evacuate Collection Set: 0.5ms
[2025-05-04T11:24:09.647+0000][0.883s] GC(2)   Other: 0.6ms
[2025-05-04T11:24:09.647+0000][0.883s] GC(2) Eden regions: 53->0(97)
[2025-05-04T11:24:09.647+0000][0.883s] GC(2) Survivor regions: 8->5(11)
[2025-05-04T11:24:09.647+0000][0.884s] GC(2) Old regions: 7->16
[2025-05-04T11:24:09.647+0000][0.884s] GC(2) Archive regions: 2->2
[2025-05-04T11:24:09.647+0000][0.884s] GC(2) Humongous regions: 5->4
[2025-05-04T11:24:09.647+0000][0.884s] GC(2) Metaspace: 21237K(21504K)->21237K(21504K) NonClass: 18605K(18752K)->18605K(18752K) Class: 2631K(2752K)->2631K(2752K)
[2025-05-04T11:24:09.647+0000][0.884s] GC(2) Pause Young (Concurrent Start) (Metadata GC Threshold) 73M->24M(512M) 5.428ms
[2025-05-04T11:24:09.647+0000][0.884s] GC(2) User=0.03s Sys=0.00s Real=0.01s
[2025-05-04T11:24:09.647+0000][0.884s] GC(3) Concurrent Mark Cycle
[2025-05-04T11:24:09.648+0000][0.884s] GC(3) Concurrent Clear Claimed Marks
[2025-05-04T11:24:09.648+0000][0.884s] GC(3) Concurrent Clear Claimed Marks 0.096ms
[2025-05-04T11:24:09.648+0000][0.884s] GC(3) Concurrent Scan Root Regions
[2025-05-04T11:24:09.651+0000][0.887s] GC(3) Concurrent Scan Root Regions 3.009ms
[2025-05-04T11:24:09.651+0000][0.887s] GC(3) Concurrent Mark
[2025-05-04T11:24:09.651+0000][0.887s] GC(3) Concurrent Mark From Roots
[2025-05-04T11:24:09.651+0000][0.888s] GC(3) Using 2 workers of 2 for marking
[2025-05-04T11:24:09.657+0000][0.893s] GC(3) Concurrent Mark From Roots 5.993ms
[2025-05-04T11:24:09.657+0000][0.894s] GC(3) Concurrent Preclean
[2025-05-04T11:24:09.657+0000][0.894s] GC(3) Concurrent Preclean 0.107ms
[2025-05-04T11:24:09.658+0000][0.894s] GC(3) Pause Remark
[2025-05-04T11:24:09.659+0000][0.896s] GC(3) Pause Remark 25M->25M(512M) 1.826ms
[2025-05-04T11:24:09.659+0000][0.896s] GC(3) User=0.01s Sys=0.00s Real=0.00s
[2025-05-04T11:24:09.660+0000][0.896s] GC(3) Concurrent Mark 8.503ms
[2025-05-04T11:24:09.660+0000][0.896s] GC(3) Concurrent Rebuild Remembered Sets
[2025-05-04T11:24:09.666+0000][0.902s] GC(3) Concurrent Rebuild Remembered Sets 5.993ms
[2025-05-04T11:24:09.666+0000][0.902s] GC(3) Pause Cleanup
[2025-05-04T11:24:09.666+0000][0.903s] GC(3) Pause Cleanup 26M->26M(512M) 0.281ms
[2025-05-04T11:24:09.666+0000][0.903s] GC(3) User=0.00s Sys=0.00s Real=0.00s
[2025-05-04T11:24:09.666+0000][0.903s] GC(3) Concurrent Cleanup for Next Mark
[2025-05-04T11:24:09.667+0000][0.903s] GC(3) Concurrent Cleanup for Next Mark 0.469ms
[2025-05-04T11:24:09.667+0000][0.903s] GC(3) Concurrent Mark Cycle 19.449ms
[2025-05-04T11:24:10.187+0000][1.423s] GC(4) Pause Young (Prepare Mixed) (Metadata GC Threshold)
[2025-05-04T11:24:10.187+0000][1.423s] GC(4) Using 8 workers of 8 for evacuation
[2025-05-04T11:24:10.193+0000][1.429s] GC(4)   Pre Evacuate Collection Set: 0.2ms
[2025-05-04T11:24:10.193+0000][1.429s] GC(4)   Merge Heap Roots: 0.1ms
[2025-05-04T11:24:10.193+0000][1.429s] GC(4)   Evacuate Collection Set: 5.1ms
[2025-05-04T11:24:10.193+0000][1.429s] GC(4)   Post Evacuate Collection Set: 0.6ms
[2025-05-04T11:24:10.193+0000][1.429s] GC(4)   Other: 0.2ms
[2025-05-04T11:24:10.193+0000][1.429s] GC(4) Eden regions: 84->0(14)
[2025-05-04T11:24:10.193+0000][1.429s] GC(4) Survivor regions: 5->11(13)
[2025-05-04T11:24:10.193+0000][1.430s] GC(4) Old regions: 16->16
[2025-05-04T11:24:10.193+0000][1.430s] GC(4) Archive regions: 2->2
[2025-05-04T11:24:10.193+0000][1.430s] GC(4) Humongous regions: 4->4
[2025-05-04T11:24:10.193+0000][1.430s] GC(4) Metaspace: 35754K(36160K)->35754K(36160K) NonClass: 31285K(31488K)->31285K(31488K) Class: 4469K(4672K)->4469K(4672K)
[2025-05-04T11:24:10.193+0000][1.430s] GC(4) Pause Young (Prepare Mixed) (Metadata GC Threshold) 108M->30M(512M) 6.629ms
[2025-05-04T11:24:10.193+0000][1.430s] GC(4) User=0.03s Sys=0.00s Real=0.01s
[2025-05-04T11:24:10.201+0000][1.438s] GC(5) Pause Young (Mixed) (GCLocker Initiated GC)
[2025-05-04T11:24:10.201+0000][1.438s] GC(5) Using 8 workers of 8 for evacuation
[2025-05-04T11:24:10.205+0000][1.441s] GC(5)   Pre Evacuate Collection Set: 0.1ms
[2025-05-04T11:24:10.205+0000][1.441s] GC(5)   Merge Heap Roots: 0.1ms
[2025-05-04T11:24:10.205+0000][1.441s] GC(5)   Evacuate Collection Set: 2.9ms
[2025-05-04T11:24:10.205+0000][1.441s] GC(5)   Post Evacuate Collection Set: 0.3ms
[2025-05-04T11:24:10.205+0000][1.441s] GC(5)   Other: 0.2ms
[2025-05-04T11:24:10.205+0000][1.441s] GC(5) Eden regions: 2->0(305)
[2025-05-04T11:24:10.205+0000][1.441s] GC(5) Survivor regions: 11->2(4)
[2025-05-04T11:24:10.205+0000][1.441s] GC(5) Old regions: 16->25
[2025-05-04T11:24:10.205+0000][1.441s] GC(5) Archive regions: 2->2
[2025-05-04T11:24:10.205+0000][1.441s] GC(5) Humongous regions: 4->4
[2025-05-04T11:24:10.205+0000][1.441s] GC(5) Metaspace: 36121K(36544K)->36121K(36544K) NonClass: 31604K(31872K)->31604K(31872K) Class: 4516K(4672K)->4516K(4672K)
[2025-05-04T11:24:10.205+0000][1.442s] GC(5) Pause Young (Mixed) (GCLocker Initiated GC) 32M->30M(512M) 4.029ms
[2025-05-04T11:24:10.205+0000][1.442s] GC(5) User=0.02s Sys=0.00s Real=0.01s
[2025-05-04T11:24:10.216+0000][1.452s] GC(6) Pause Young (Concurrent Start) (Metadata GC Threshold)
[2025-05-04T11:24:10.216+0000][1.452s] GC(6) Using 8 workers of 8 for evacuation
[2025-05-04T11:24:10.217+0000][1.453s] GC(6)   Pre Evacuate Collection Set: 0.2ms
[2025-05-04T11:24:10.217+0000][1.453s] GC(6)   Merge Heap Roots: 0.1ms
[2025-05-04T11:24:10.217+0000][1.453s] GC(6)   Evacuate Collection Set: 0.6ms
[2025-05-04T11:24:10.217+0000][1.453s] GC(6)   Post Evacuate Collection Set: 0.3ms
[2025-05-04T11:24:10.217+0000][1.453s] GC(6)   Other: 0.2ms
[2025-05-04T11:24:10.217+0000][1.453s] GC(6) Eden regions: 3->0(306)
[2025-05-04T11:24:10.217+0000][1.453s] GC(6) Survivor regions: 2->1(39)
[2025-05-04T11:24:10.217+0000][1.453s] GC(6) Old regions: 25->25
[2025-05-04T11:24:10.217+0000][1.453s] GC(6) Archive regions: 2->2
[2025-05-04T11:24:10.217+0000][1.453s] GC(6) Humongous regions: 4->4
[2025-05-04T11:24:10.217+0000][1.453s] GC(6) Metaspace: 36444K(36800K)->36444K(36800K) NonClass: 31885K(32064K)->31885K(32064K) Class: 4558K(4736K)->4558K(4736K)
[2025-05-04T11:24:10.217+0000][1.454s] GC(6) Pause Young (Concurrent Start) (Metadata GC Threshold) 33M->30M(512M) 1.657ms
[2025-05-04T11:24:10.217+0000][1.454s] GC(6) User=0.01s Sys=0.00s Real=0.00s
[2025-05-04T11:24:10.217+0000][1.454s] GC(7) Concurrent Mark Cycle
[2025-05-04T11:24:10.217+0000][1.454s] GC(7) Concurrent Clear Claimed Marks
[2025-05-04T11:24:10.217+0000][1.454s] GC(7) Concurrent Clear Claimed Marks 0.117ms
[2025-05-04T11:24:10.218+0000][1.454s] GC(7) Concurrent Scan Root Regions
[2025-05-04T11:24:10.219+0000][1.455s] GC(7) Concurrent Scan Root Regions 1.249ms
[2025-05-04T11:24:10.219+0000][1.455s] GC(7) Concurrent Mark
[2025-05-04T11:24:10.219+0000][1.455s] GC(7) Concurrent Mark From Roots
[2025-05-04T11:24:10.219+0000][1.455s] GC(7) Using 2 workers of 2 for marking
[2025-05-04T11:24:10.266+0000][1.502s] GC(7) Concurrent Mark From Roots 46.613ms
[2025-05-04T11:24:10.269+0000][1.505s] GC(7) Concurrent Preclean
[2025-05-04T11:24:10.273+0000][1.510s] GC(7) Concurrent Preclean 4.651ms
[2025-05-04T11:24:10.281+0000][1.517s] GC(7) Pause Remark
[2025-05-04T11:24:10.285+0000][1.521s] GC(7) Pause Remark 32M->32M(512M) 4.468ms
[2025-05-04T11:24:10.285+0000][1.522s] GC(7) User=0.02s Sys=0.00s Real=0.01s
[2025-05-04T11:24:10.286+0000][1.522s] GC(7) Concurrent Mark 66.868ms
[2025-05-04T11:24:10.286+0000][1.522s] GC(7) Concurrent Rebuild Remembered Sets
[2025-05-04T11:24:10.299+0000][1.535s] GC(7) Concurrent Rebuild Remembered Sets 12.944ms
[2025-05-04T11:24:10.300+0000][1.537s] GC(7) Pause Cleanup
[2025-05-04T11:24:10.300+0000][1.537s] GC(7) Pause Cleanup 33M->33M(512M) 0.151ms
[2025-05-04T11:24:10.300+0000][1.537s] GC(7) User=0.00s Sys=0.00s Real=0.00s
[2025-05-04T11:24:10.301+0000][1.537s] GC(7) Concurrent Cleanup for Next Mark
[2025-05-04T11:24:10.301+0000][1.538s] GC(7) Concurrent Cleanup for Next Mark 0.503ms
[2025-05-04T11:24:10.301+0000][1.538s] GC(7) Concurrent Mark Cycle 84.055ms
[2025-05-04T11:31:21.258+0000][432.496s] Heap
[2025-05-04T11:31:21.258+0000][432.496s]  garbage-first heap   total 524288K, used 97331K [0x00000000e0000000, 0x0000000100000000)
[2025-05-04T11:31:21.258+0000][432.496s]   region size 1024K, 66 young (67584K), 1 survivors (1024K)
[2025-05-04T11:31:21.258+0000][432.496s]  Metaspace       used 43302K, committed 43712K, reserved 1114112K
[2025-05-04T11:31:21.258+0000][432.496s]   class space    used 5554K, committed 5760K, reserved 1048576K
