[2025-05-15T19:47:30.077+0000][0.087s] Using G1
[2025-05-15T19:47:30.170+0000][0.180s] Version: 17.0.10+7 (release)
[2025-05-15T19:47:30.170+0000][0.180s] CPUs: 16 total, 16 available
[2025-05-15T19:47:30.171+0000][0.181s] Memory: 7788M
[2025-05-15T19:47:30.171+0000][0.182s] Large Page Support: Disabled
[2025-05-15T19:47:30.172+0000][0.182s] NUMA Support: Disabled
[2025-05-15T19:47:30.172+0000][0.182s] Compressed Oops: Enabled (32-bit)
[2025-05-15T19:47:30.172+0000][0.183s] Heap Region Size: 1M
[2025-05-15T19:47:30.173+0000][0.183s] Heap Min Capacity: 512M
[2025-05-15T19:47:30.173+0000][0.184s] Heap Initial Capacity: 512M
[2025-05-15T19:47:30.174+0000][0.184s] Heap Max Capacity: 512M
[2025-05-15T19:47:30.174+0000][0.185s] Pre-touch: Enabled
[2025-05-15T19:47:30.175+0000][0.185s] Parallel Workers: 13
[2025-05-15T19:47:30.176+0000][0.186s] Concurrent Workers: 3
[2025-05-15T19:47:30.176+0000][0.186s] Concurrent Refinement Workers: 13
[2025-05-15T19:47:30.177+0000][0.187s] Periodic GC: Disabled
[2025-05-15T19:47:30.198+0000][0.208s] CDS archive(s) mapped at: [0x00007f5a83000000-0x00007f5a83a5f000-0x00007f5a83a5f000), size 10874880, SharedBaseAddress: 0x00007f5a83000000, ArchiveRelocationMode: 1.
[2025-05-15T19:47:30.198+0000][0.209s] Compressed class space mapped at: 0x00007f5a84000000-0x00007f5ac4000000, reserved size: 1073741824
[2025-05-15T19:47:30.199+0000][0.209s] Narrow klass base: 0x00007f5a83000000, Narrow klass shift: 0, Narrow klass range: 0x100000000
[2025-05-15T19:47:31.620+0000][1.630s] GC(0) Pause Young (Normal) (G1 Evacuation Pause)
[2025-05-15T19:47:31.620+0000][1.630s] GC(0) Using 12 workers of 13 for evacuation
[2025-05-15T19:47:31.626+0000][1.636s] GC(0)   Pre Evacuate Collection Set: 0.4ms
[2025-05-15T19:47:31.626+0000][1.636s] GC(0)   Merge Heap Roots: 0.4ms
[2025-05-15T19:47:31.626+0000][1.637s] GC(0)   Evacuate Collection Set: 3.2ms
[2025-05-15T19:47:31.626+0000][1.637s] GC(0)   Post Evacuate Collection Set: 1.2ms
[2025-05-15T19:47:31.627+0000][1.637s] GC(0)   Other: 0.9ms
[2025-05-15T19:47:31.627+0000][1.637s] GC(0) Eden regions: 29->0(59)
[2025-05-15T19:47:31.627+0000][1.637s] GC(0) Survivor regions: 0->4(4)
[2025-05-15T19:47:31.627+0000][1.638s] GC(0) Old regions: 0->0
[2025-05-15T19:47:31.628+0000][1.638s] GC(0) Archive regions: 2->2
[2025-05-15T19:47:31.628+0000][1.638s] GC(0) Humongous regions: 0->0
[2025-05-15T19:47:31.628+0000][1.639s] GC(0) Metaspace: 9793K(10112K)->9793K(10112K) NonClass: 8602K(8768K)->8602K(8768K) Class: 1191K(1344K)->1191K(1344K)
[2025-05-15T19:47:31.628+0000][1.639s] GC(0) Pause Young (Normal) (G1 Evacuation Pause) 29M->4M(512M) 8.910ms
[2025-05-15T19:47:31.629+0000][1.639s] GC(0) User=0.03s Sys=0.00s Real=0.01s
[2025-05-15T19:47:32.699+0000][2.709s] GC(1) Pause Young (Normal) (G1 Evacuation Pause)
[2025-05-15T19:47:32.700+0000][2.710s] GC(1) Using 13 workers of 13 for evacuation
[2025-05-15T19:47:32.714+0000][2.725s] GC(1)   Pre Evacuate Collection Set: 0.5ms
[2025-05-15T19:47:32.715+0000][2.725s] GC(1)   Merge Heap Roots: 0.4ms
[2025-05-15T19:47:32.715+0000][2.726s] GC(1)   Evacuate Collection Set: 11.9ms
[2025-05-15T19:47:32.715+0000][2.726s] GC(1)   Post Evacuate Collection Set: 1.5ms
[2025-05-15T19:47:32.716+0000][2.726s] GC(1)   Other: 1.4ms
[2025-05-15T19:47:32.716+0000][2.726s] GC(1) Eden regions: 59->0(77)
[2025-05-15T19:47:32.716+0000][2.727s] GC(1) Survivor regions: 4->8(8)
[2025-05-15T19:47:32.717+0000][2.727s] GC(1) Old regions: 0->7
[2025-05-15T19:47:32.717+0000][2.727s] GC(1) Archive regions: 2->2
[2025-05-15T19:47:32.717+0000][2.727s] GC(1) Humongous regions: 4->4
[2025-05-15T19:47:32.717+0000][2.728s] GC(1) Metaspace: 18007K(18240K)->18007K(18240K) NonClass: 15808K(15936K)->15808K(15936K) Class: 2198K(2304K)->2198K(2304K)
[2025-05-15T19:47:32.718+0000][2.728s] GC(1) Pause Young (Normal) (G1 Evacuation Pause) 67M->19M(512M) 19.009ms
[2025-05-15T19:47:32.718+0000][2.728s] GC(1) User=0.12s Sys=0.02s Real=0.02s
[2025-05-15T19:47:33.251+0000][3.262s] GC(2) Pause Young (Concurrent Start) (Metadata GC Threshold)
[2025-05-15T19:47:33.252+0000][3.262s] GC(2) Using 13 workers of 13 for evacuation
[2025-05-15T19:47:33.261+0000][3.272s] GC(2)   Pre Evacuate Collection Set: 0.4ms
[2025-05-15T19:47:33.262+0000][3.272s] GC(2)   Merge Heap Roots: 0.4ms
[2025-05-15T19:47:33.262+0000][3.273s] GC(2)   Evacuate Collection Set: 6.8ms
[2025-05-15T19:47:33.262+0000][3.273s] GC(2)   Post Evacuate Collection Set: 1.4ms
[2025-05-15T19:47:33.263+0000][3.273s] GC(2)   Other: 1.0ms
[2025-05-15T19:47:33.263+0000][3.273s] GC(2) Eden regions: 72->0(103)
[2025-05-15T19:47:33.263+0000][3.274s] GC(2) Survivor regions: 8->5(10)
[2025-05-15T19:47:33.263+0000][3.274s] GC(2) Old regions: 7->15
[2025-05-15T19:47:33.264+0000][3.274s] GC(2) Archive regions: 2->2
[2025-05-15T19:47:33.264+0000][3.274s] GC(2) Humongous regions: 4->4
[2025-05-15T19:47:33.264+0000][3.275s] GC(2) Metaspace: 21230K(21504K)->21230K(21504K) NonClass: 18647K(18816K)->18647K(18816K) Class: 2583K(2688K)->2583K(2688K)
[2025-05-15T19:47:33.264+0000][3.275s] GC(2) Pause Young (Concurrent Start) (Metadata GC Threshold) 90M->24M(512M) 13.047ms
[2025-05-15T19:47:33.265+0000][3.275s] GC(2) User=0.06s Sys=0.01s Real=0.02s
[2025-05-15T19:47:33.265+0000][3.275s] GC(3) Concurrent Mark Cycle
[2025-05-15T19:47:33.265+0000][3.276s] GC(3) Concurrent Clear Claimed Marks
[2025-05-15T19:47:33.266+0000][3.276s] GC(3) Concurrent Clear Claimed Marks 0.373ms
[2025-05-15T19:47:33.266+0000][3.276s] GC(3) Concurrent Scan Root Regions
[2025-05-15T19:47:33.269+0000][3.280s] GC(3) Concurrent Scan Root Regions 3.198ms
[2025-05-15T19:47:33.269+0000][3.280s] GC(3) Concurrent Mark
[2025-05-15T19:47:33.270+0000][3.280s] GC(3) Concurrent Mark From Roots
[2025-05-15T19:47:33.270+0000][3.280s] GC(3) Using 3 workers of 3 for marking
[2025-05-15T19:47:33.277+0000][3.288s] GC(3) Concurrent Mark From Roots 7.670ms
[2025-05-15T19:47:33.278+0000][3.288s] GC(3) Concurrent Preclean
[2025-05-15T19:47:33.278+0000][3.289s] GC(3) Concurrent Preclean 0.556ms
[2025-05-15T19:47:33.279+0000][3.289s] GC(3) Pause Remark
[2025-05-15T19:47:33.283+0000][3.293s] GC(3) Pause Remark 26M->26M(512M) 4.039ms
[2025-05-15T19:47:33.283+0000][3.294s] GC(3) User=0.03s Sys=0.01s Real=0.01s
[2025-05-15T19:47:33.284+0000][3.294s] GC(3) Concurrent Mark 14.143ms
[2025-05-15T19:47:33.284+0000][3.294s] GC(3) Concurrent Rebuild Remembered Sets
[2025-05-15T19:47:33.289+0000][3.299s] GC(3) Concurrent Rebuild Remembered Sets 4.795ms
[2025-05-15T19:47:33.293+0000][3.303s] GC(3) Pause Cleanup
[2025-05-15T19:47:33.293+0000][3.304s] GC(3) Pause Cleanup 27M->27M(512M) 0.800ms
[2025-05-15T19:47:33.294+0000][3.304s] GC(3) User=0.00s Sys=0.00s Real=0.00s
[2025-05-15T19:47:33.294+0000][3.305s] GC(3) Concurrent Cleanup for Next Mark
[2025-05-15T19:47:33.298+0000][3.308s] GC(3) Concurrent Cleanup for Next Mark 3.262ms
[2025-05-15T19:47:33.298+0000][3.308s] GC(3) Concurrent Mark Cycle 32.973ms
[2025-05-15T19:47:35.462+0000][5.472s] GC(4) Pause Young (Prepare Mixed) (Metadata GC Threshold)
[2025-05-15T19:47:35.462+0000][5.472s] GC(4) Using 13 workers of 13 for evacuation
[2025-05-15T19:47:35.471+0000][5.481s] GC(4)   Pre Evacuate Collection Set: 0.4ms
[2025-05-15T19:47:35.471+0000][5.481s] GC(4)   Merge Heap Roots: 0.4ms
[2025-05-15T19:47:35.471+0000][5.482s] GC(4)   Evacuate Collection Set: 4.9ms
[2025-05-15T19:47:35.472+0000][5.482s] GC(4)   Post Evacuate Collection Set: 2.8ms
[2025-05-15T19:47:35.472+0000][5.482s] GC(4)   Other: 0.7ms
[2025-05-15T19:47:35.472+0000][5.483s] GC(4) Eden regions: 103->0(14)
[2025-05-15T19:47:35.473+0000][5.483s] GC(4) Survivor regions: 5->11(14)
[2025-05-15T19:47:35.473+0000][5.483s] GC(4) Old regions: 15->15
[2025-05-15T19:47:35.473+0000][5.483s] GC(4) Archive regions: 2->2
[2025-05-15T19:47:35.473+0000][5.484s] GC(4) Humongous regions: 5->4
[2025-05-15T19:47:35.474+0000][5.484s] GC(4) Metaspace: 35708K(36096K)->35708K(36096K) NonClass: 31292K(31488K)->31292K(31488K) Class: 4415K(4608K)->4415K(4608K)
[2025-05-15T19:47:35.474+0000][5.484s] GC(4) Pause Young (Prepare Mixed) (Metadata GC Threshold) 128M->30M(512M) 12.496ms
[2025-05-15T19:47:35.474+0000][5.485s] GC(4) User=0.09s Sys=0.02s Real=0.02s
[2025-05-15T19:47:35.498+0000][5.508s] GC(5) Pause Young (Mixed) (Metadata GC Threshold)
[2025-05-15T19:47:35.499+0000][5.509s] GC(5) Using 13 workers of 13 for evacuation
[2025-05-15T19:47:35.507+0000][5.518s] GC(5)   Pre Evacuate Collection Set: 0.5ms
[2025-05-15T19:47:35.508+0000][5.518s] GC(5)   Merge Heap Roots: 0.4ms
[2025-05-15T19:47:35.508+0000][5.518s] GC(5)   Evacuate Collection Set: 5.9ms
[2025-05-15T19:47:35.508+0000][5.519s] GC(5)   Post Evacuate Collection Set: 1.7ms
[2025-05-15T19:47:35.509+0000][5.519s] GC(5)   Other: 0.9ms
[2025-05-15T19:47:35.509+0000][5.519s] GC(5) Eden regions: 2->0(306)
[2025-05-15T19:47:35.509+0000][5.520s] GC(5) Survivor regions: 11->1(4)
[2025-05-15T19:47:35.510+0000][5.520s] GC(5) Old regions: 15->25
[2025-05-15T19:47:35.510+0000][5.520s] GC(5) Archive regions: 2->2
[2025-05-15T19:47:35.510+0000][5.521s] GC(5) Humongous regions: 4->4
[2025-05-15T19:47:35.511+0000][5.521s] GC(5) Metaspace: 36019K(36416K)->36019K(36416K) NonClass: 31563K(31808K)->31563K(31808K) Class: 4456K(4608K)->4456K(4608K)
[2025-05-15T19:47:35.511+0000][5.521s] GC(5) Pause Young (Mixed) (Metadata GC Threshold) 31M->30M(512M) 13.027ms
[2025-05-15T19:47:35.511+0000][5.522s] GC(5) User=0.10s Sys=0.00s Real=0.01s
[2025-05-15T19:47:35.552+0000][5.563s] GC(6) Pause Young (Concurrent Start) (Metadata GC Threshold)
[2025-05-15T19:47:35.553+0000][5.563s] GC(6) Using 13 workers of 13 for evacuation
[2025-05-15T19:47:35.558+0000][5.568s] GC(6)   Pre Evacuate Collection Set: 0.6ms
[2025-05-15T19:47:35.558+0000][5.569s] GC(6)   Merge Heap Roots: 0.4ms
[2025-05-15T19:47:35.559+0000][5.569s] GC(6)   Evacuate Collection Set: 1.7ms
[2025-05-15T19:47:35.559+0000][5.569s] GC(6)   Post Evacuate Collection Set: 1.5ms
[2025-05-15T19:47:35.560+0000][5.570s] GC(6)   Other: 1.1ms
[2025-05-15T19:47:35.560+0000][5.571s] GC(6) Eden regions: 3->0(306)
[2025-05-15T19:47:35.561+0000][5.571s] GC(6) Survivor regions: 1->1(39)
[2025-05-15T19:47:35.561+0000][5.571s] GC(6) Old regions: 25->25
[2025-05-15T19:47:35.561+0000][5.572s] GC(6) Archive regions: 2->2
[2025-05-15T19:47:35.562+0000][5.572s] GC(6) Humongous regions: 4->4
[2025-05-15T19:47:35.562+0000][5.573s] GC(6) Metaspace: 36398K(36736K)->36398K(36736K) NonClass: 31889K(32064K)->31889K(32064K) Class: 4509K(4672K)->4509K(4672K)
[2025-05-15T19:47:35.563+0000][5.573s] GC(6) Pause Young (Concurrent Start) (Metadata GC Threshold) 33M->30M(512M) 10.200ms
[2025-05-15T19:47:35.564+0000][5.574s] GC(6) User=0.05s Sys=0.00s Real=0.01s
[2025-05-15T19:47:35.564+0000][5.575s] GC(7) Concurrent Mark Cycle
[2025-05-15T19:47:35.565+0000][5.575s] GC(7) Concurrent Clear Claimed Marks
[2025-05-15T19:47:35.566+0000][5.576s] GC(7) Concurrent Clear Claimed Marks 0.701ms
[2025-05-15T19:47:35.566+0000][5.576s] GC(7) Concurrent Scan Root Regions
[2025-05-15T19:47:35.568+0000][5.578s] GC(7) Concurrent Scan Root Regions 1.722ms
[2025-05-15T19:47:35.568+0000][5.579s] GC(7) Concurrent Mark
[2025-05-15T19:47:35.569+0000][5.580s] GC(7) Concurrent Mark From Roots
[2025-05-15T19:47:35.570+0000][5.580s] GC(7) Using 3 workers of 3 for marking
[2025-05-15T19:47:35.598+0000][5.608s] GC(7) Concurrent Mark From Roots 28.309ms
[2025-05-15T19:47:35.598+0000][5.608s] GC(7) Concurrent Preclean
[2025-05-15T19:47:35.599+0000][5.609s] GC(7) Concurrent Preclean 0.611ms
[2025-05-15T19:47:35.599+0000][5.610s] GC(7) Pause Remark
[2025-05-15T19:47:35.604+0000][5.614s] GC(7) Pause Remark 32M->32M(512M) 4.430ms
[2025-05-15T19:47:35.604+0000][5.614s] GC(7) User=0.04s Sys=0.00s Real=0.01s
[2025-05-15T19:47:35.605+0000][5.615s] GC(7) Concurrent Mark 36.517ms
[2025-05-15T19:47:35.605+0000][5.615s] GC(7) Concurrent Rebuild Remembered Sets
[2025-05-15T19:47:35.615+0000][5.625s] GC(7) Concurrent Rebuild Remembered Sets 9.437ms
[2025-05-15T19:47:35.615+0000][5.625s] GC(7) Pause Cleanup
[2025-05-15T19:47:35.616+0000][5.626s] GC(7) Pause Cleanup 32M->32M(512M) 0.969ms
[2025-05-15T19:47:35.616+0000][5.627s] GC(7) User=0.00s Sys=0.00s Real=0.00s
[2025-05-15T19:47:35.617+0000][5.627s] GC(7) Concurrent Cleanup for Next Mark
[2025-05-15T19:47:35.621+0000][5.631s] GC(7) Concurrent Cleanup for Next Mark 3.728ms
[2025-05-15T19:47:35.621+0000][5.631s] GC(7) Concurrent Mark Cycle 56.611ms
[2025-05-15T19:49:30.455+0000][120.474s] Heap
[2025-05-15T19:49:30.456+0000][120.474s]  garbage-first heap   total 524288K, used 205350K [0x00000000e0000000, 0x0000000100000000)
[2025-05-15T19:49:30.456+0000][120.474s]   region size 1024K, 172 young (176128K), 1 survivors (1024K)
[2025-05-15T19:49:30.457+0000][120.475s]  Metaspace       used 53988K, committed 54528K, reserved 1114112K
[2025-05-15T19:49:30.457+0000][120.475s]   class space    used 6972K, committed 7232K, reserved 1048576K
