[2025-05-15T18:34:45.846+0000][0.097s] Using G1
[2025-05-15T18:34:45.957+0000][0.207s] Version: 17.0.10+7 (release)
[2025-05-15T18:34:45.957+0000][0.208s] CPUs: 16 total, 16 available
[2025-05-15T18:34:45.958+0000][0.209s] Memory: 7788M
[2025-05-15T18:34:45.959+0000][0.209s] Large Page Support: Disabled
[2025-05-15T18:34:45.959+0000][0.210s] NUMA Support: Disabled
[2025-05-15T18:34:45.959+0000][0.210s] Compressed Oops: Enabled (32-bit)
[2025-05-15T18:34:45.960+0000][0.211s] Heap Region Size: 1M
[2025-05-15T18:34:45.960+0000][0.211s] Heap Min Capacity: 512M
[2025-05-15T18:34:45.961+0000][0.211s] Heap Initial Capacity: 512M
[2025-05-15T18:34:45.961+0000][0.212s] Heap Max Capacity: 512M
[2025-05-15T18:34:45.962+0000][0.212s] Pre-touch: Enabled
[2025-05-15T18:34:45.962+0000][0.213s] Parallel Workers: 13
[2025-05-15T18:34:45.962+0000][0.213s] Concurrent Workers: 3
[2025-05-15T18:34:45.963+0000][0.213s] Concurrent Refinement Workers: 13
[2025-05-15T18:34:45.963+0000][0.214s] Periodic GC: Disabled
[2025-05-15T18:34:45.976+0000][0.227s] CDS archive(s) mapped at: [0x00007f5063000000-0x00007f5063a5f000-0x00007f5063a5f000), size 10874880, SharedBaseAddress: 0x00007f5063000000, ArchiveRelocationMode: 1.
[2025-05-15T18:34:45.976+0000][0.227s] Compressed class space mapped at: 0x00007f5064000000-0x00007f50a4000000, reserved size: 1073741824
[2025-05-15T18:34:45.977+0000][0.227s] Narrow klass base: 0x00007f5063000000, Narrow klass shift: 0, Narrow klass range: 0x100000000
[2025-05-15T18:34:47.316+0000][1.567s] GC(0) Pause Young (Normal) (G1 Evacuation Pause)
[2025-05-15T18:34:47.317+0000][1.568s] GC(0) Using 12 workers of 13 for evacuation
[2025-05-15T18:34:47.322+0000][1.572s] GC(0)   Pre Evacuate Collection Set: 0.4ms
[2025-05-15T18:34:47.322+0000][1.573s] GC(0)   Merge Heap Roots: 0.4ms
[2025-05-15T18:34:47.322+0000][1.573s] GC(0)   Evacuate Collection Set: 2.6ms
[2025-05-15T18:34:47.323+0000][1.573s] GC(0)   Post Evacuate Collection Set: 1.2ms
[2025-05-15T18:34:47.323+0000][1.574s] GC(0)   Other: 0.7ms
[2025-05-15T18:34:47.323+0000][1.574s] GC(0) Eden regions: 29->0(58)
[2025-05-15T18:34:47.323+0000][1.574s] GC(0) Survivor regions: 0->4(4)
[2025-05-15T18:34:47.324+0000][1.574s] GC(0) Old regions: 0->1
[2025-05-15T18:34:47.324+0000][1.575s] GC(0) Archive regions: 2->2
[2025-05-15T18:34:47.324+0000][1.575s] GC(0) Humongous regions: 0->0
[2025-05-15T18:34:47.324+0000][1.575s] GC(0) Metaspace: 9902K(10176K)->9902K(10176K) NonClass: 8694K(8832K)->8694K(8832K) Class: 1207K(1344K)->1207K(1344K)
[2025-05-15T18:34:47.324+0000][1.575s] GC(0) Pause Young (Normal) (G1 Evacuation Pause) 29M->4M(512M) 8.017ms
[2025-05-15T18:34:47.325+0000][1.575s] GC(0) User=0.02s Sys=0.01s Real=0.01s
[2025-05-15T18:34:48.338+0000][2.588s] GC(1) Pause Young (Normal) (G1 Evacuation Pause)
[2025-05-15T18:34:48.338+0000][2.589s] GC(1) Using 13 workers of 13 for evacuation
[2025-05-15T18:34:48.348+0000][2.599s] GC(1)   Pre Evacuate Collection Set: 0.4ms
[2025-05-15T18:34:48.348+0000][2.599s] GC(1)   Merge Heap Roots: 0.4ms
[2025-05-15T18:34:48.349+0000][2.599s] GC(1)   Evacuate Collection Set: 7.1ms
[2025-05-15T18:34:48.349+0000][2.600s] GC(1)   Post Evacuate Collection Set: 1.6ms
[2025-05-15T18:34:48.349+0000][2.600s] GC(1)   Other: 0.7ms
[2025-05-15T18:34:48.349+0000][2.600s] GC(1) Eden regions: 58->0(78)
[2025-05-15T18:34:48.350+0000][2.600s] GC(1) Survivor regions: 4->8(8)
[2025-05-15T18:34:48.350+0000][2.601s] GC(1) Old regions: 1->7
[2025-05-15T18:34:48.350+0000][2.601s] GC(1) Archive regions: 2->2
[2025-05-15T18:34:48.351+0000][2.601s] GC(1) Humongous regions: 4->4
[2025-05-15T18:34:48.351+0000][2.602s] GC(1) Metaspace: 18009K(18240K)->18009K(18240K) NonClass: 15811K(15936K)->15811K(15936K) Class: 2198K(2304K)->2198K(2304K)
[2025-05-15T18:34:48.352+0000][2.602s] GC(1) Pause Young (Normal) (G1 Evacuation Pause) 66M->18M(512M) 13.865ms
[2025-05-15T18:34:48.352+0000][2.603s] GC(1) User=0.07s Sys=0.02s Real=0.01s
[2025-05-15T18:34:48.929+0000][3.180s] GC(2) Pause Young (Concurrent Start) (Metadata GC Threshold)
[2025-05-15T18:34:48.930+0000][3.180s] GC(2) Using 13 workers of 13 for evacuation
[2025-05-15T18:34:48.942+0000][3.193s] GC(2)   Pre Evacuate Collection Set: 0.5ms
[2025-05-15T18:34:48.942+0000][3.193s] GC(2)   Merge Heap Roots: 0.5ms
[2025-05-15T18:34:48.943+0000][3.193s] GC(2)   Evacuate Collection Set: 8.0ms
[2025-05-15T18:34:48.943+0000][3.194s] GC(2)   Post Evacuate Collection Set: 2.4ms
[2025-05-15T18:34:48.943+0000][3.194s] GC(2)   Other: 1.3ms
[2025-05-15T18:34:48.944+0000][3.194s] GC(2) Eden regions: 72->0(106)
[2025-05-15T18:34:48.944+0000][3.195s] GC(2) Survivor regions: 8->5(10)
[2025-05-15T18:34:48.944+0000][3.195s] GC(2) Old regions: 7->15
[2025-05-15T18:34:48.945+0000][3.196s] GC(2) Archive regions: 2->2
[2025-05-15T18:34:48.945+0000][3.196s] GC(2) Humongous regions: 4->4
[2025-05-15T18:34:48.946+0000][3.197s] GC(2) Metaspace: 21223K(21504K)->21223K(21504K) NonClass: 18639K(18816K)->18639K(18816K) Class: 2583K(2688K)->2583K(2688K)
[2025-05-15T18:34:48.946+0000][3.197s] GC(2) Pause Young (Concurrent Start) (Metadata GC Threshold) 90M->23M(512M) 17.072ms
[2025-05-15T18:34:48.947+0000][3.197s] GC(2) User=0.10s Sys=0.00s Real=0.01s
[2025-05-15T18:34:48.947+0000][3.198s] GC(3) Concurrent Mark Cycle
[2025-05-15T18:34:48.948+0000][3.198s] GC(3) Concurrent Clear Claimed Marks
[2025-05-15T18:34:48.948+0000][3.199s] GC(3) Concurrent Clear Claimed Marks 0.452ms
[2025-05-15T18:34:48.949+0000][3.199s] GC(3) Concurrent Scan Root Regions
[2025-05-15T18:34:48.952+0000][3.203s] GC(3) Concurrent Scan Root Regions 3.851ms
[2025-05-15T18:34:48.953+0000][3.204s] GC(3) Concurrent Mark
[2025-05-15T18:34:48.953+0000][3.204s] GC(3) Concurrent Mark From Roots
[2025-05-15T18:34:48.954+0000][3.205s] GC(3) Using 3 workers of 3 for marking
[2025-05-15T18:34:48.963+0000][3.214s] GC(3) Concurrent Mark From Roots 9.532ms
[2025-05-15T18:34:48.963+0000][3.214s] GC(3) Concurrent Preclean
[2025-05-15T18:34:48.964+0000][3.215s] GC(3) Concurrent Preclean 0.672ms
[2025-05-15T18:34:48.965+0000][3.215s] GC(3) Pause Remark
[2025-05-15T18:34:48.969+0000][3.220s] GC(3) Pause Remark 26M->26M(512M) 4.755ms
[2025-05-15T18:34:48.970+0000][3.221s] GC(3) User=0.03s Sys=0.00s Real=0.01s
[2025-05-15T18:34:48.971+0000][3.221s] GC(3) Concurrent Mark 17.811ms
[2025-05-15T18:34:48.971+0000][3.222s] GC(3) Concurrent Rebuild Remembered Sets
[2025-05-15T18:34:48.977+0000][3.227s] GC(3) Concurrent Rebuild Remembered Sets 5.443ms
[2025-05-15T18:34:48.979+0000][3.230s] GC(3) Pause Cleanup
[2025-05-15T18:34:48.980+0000][3.231s] GC(3) Pause Cleanup 26M->26M(512M) 0.989ms
[2025-05-15T18:34:48.981+0000][3.231s] GC(3) User=0.00s Sys=0.00s Real=0.00s
[2025-05-15T18:34:48.981+0000][3.232s] GC(3) Concurrent Cleanup for Next Mark
[2025-05-15T18:34:48.983+0000][3.234s] GC(3) Concurrent Cleanup for Next Mark 1.974ms
[2025-05-15T18:34:48.984+0000][3.235s] GC(3) Concurrent Mark Cycle 36.822ms
[2025-05-15T18:34:51.110+0000][5.361s] GC(4) Pause Young (Concurrent Start) (Metadata GC Threshold)
[2025-05-15T18:34:51.110+0000][5.361s] GC(4) Using 13 workers of 13 for evacuation
[2025-05-15T18:34:51.121+0000][5.372s] GC(4)   Pre Evacuate Collection Set: 0.4ms
[2025-05-15T18:34:51.121+0000][5.372s] GC(4)   Merge Heap Roots: 0.4ms
[2025-05-15T18:34:51.122+0000][5.372s] GC(4)   Evacuate Collection Set: 6.2ms
[2025-05-15T18:34:51.122+0000][5.373s] GC(4)   Post Evacuate Collection Set: 2.9ms
[2025-05-15T18:34:51.122+0000][5.373s] GC(4)   Other: 0.9ms
[2025-05-15T18:34:51.122+0000][5.373s] GC(4) Eden regions: 100->0(295)
[2025-05-15T18:34:51.123+0000][5.374s] GC(4) Survivor regions: 5->12(14)
[2025-05-15T18:34:51.123+0000][5.374s] GC(4) Old regions: 15->15
[2025-05-15T18:34:51.123+0000][5.374s] GC(4) Archive regions: 2->2
[2025-05-15T18:34:51.124+0000][5.374s] GC(4) Humongous regions: 5->4
[2025-05-15T18:34:51.124+0000][5.375s] GC(4) Metaspace: 35714K(36096K)->35714K(36096K) NonClass: 31299K(31488K)->31299K(31488K) Class: 4414K(4608K)->4414K(4608K)
[2025-05-15T18:34:51.124+0000][5.375s] GC(4) Pause Young (Concurrent Start) (Metadata GC Threshold) 124M->30M(512M) 14.173ms
[2025-05-15T18:34:51.125+0000][5.375s] GC(4) User=0.04s Sys=0.04s Real=0.01s
[2025-05-15T18:34:51.125+0000][5.376s] GC(5) Concurrent Mark Cycle
[2025-05-15T18:34:51.125+0000][5.376s] GC(5) Concurrent Clear Claimed Marks
[2025-05-15T18:34:51.126+0000][5.377s] GC(5) Concurrent Clear Claimed Marks 0.540ms
[2025-05-15T18:34:51.126+0000][5.377s] GC(5) Concurrent Scan Root Regions
[2025-05-15T18:34:51.130+0000][5.380s] GC(5) Concurrent Scan Root Regions 3.262ms
[2025-05-15T18:34:51.130+0000][5.381s] GC(5) Concurrent Mark
[2025-05-15T18:34:51.130+0000][5.381s] GC(5) Concurrent Mark From Roots
[2025-05-15T18:34:51.131+0000][5.382s] GC(5) Using 3 workers of 3 for marking
[2025-05-15T18:34:51.145+0000][5.396s] GC(5) Concurrent Mark From Roots 14.449ms
[2025-05-15T18:34:51.146+0000][5.397s] GC(5) Concurrent Preclean
[2025-05-15T18:34:51.146+0000][5.397s] GC(5) Concurrent Preclean 0.554ms
[2025-05-15T18:34:51.147+0000][5.398s] GC(5) Pause Remark
[2025-05-15T18:34:51.151+0000][5.402s] GC(5) Pause Remark 32M->32M(512M) 4.330ms
[2025-05-15T18:34:51.152+0000][5.403s] GC(5) User=0.04s Sys=0.00s Real=0.01s
[2025-05-15T18:34:51.153+0000][5.403s] GC(5) Concurrent Mark 22.416ms
[2025-05-15T18:34:51.153+0000][5.404s] GC(5) Concurrent Rebuild Remembered Sets
[2025-05-15T18:34:51.158+0000][5.409s] GC(5) Concurrent Rebuild Remembered Sets 4.872ms
[2025-05-15T18:34:51.158+0000][5.409s] GC(5) Pause Cleanup
[2025-05-15T18:34:51.159+0000][5.410s] GC(5) Pause Cleanup 32M->32M(512M) 0.781ms
[2025-05-15T18:34:51.160+0000][5.410s] GC(5) User=0.00s Sys=0.00s Real=0.00s
[2025-05-15T18:34:51.160+0000][5.411s] GC(5) Concurrent Cleanup for Next Mark
[2025-05-15T18:34:51.164+0000][5.415s] GC(5) Concurrent Cleanup for Next Mark 4.311ms
[2025-05-15T18:34:51.165+0000][5.416s] GC(5) Concurrent Mark Cycle 39.850ms
[2025-05-15T18:36:00.854+0000][75.108s] Heap
[2025-05-15T18:36:00.854+0000][75.109s]  garbage-first heap   total 524288K, used 100926K [0x00000000e0000000, 0x0000000100000000)
[2025-05-15T18:36:00.854+0000][75.109s]   region size 1024K, 80 young (81920K), 12 survivors (12288K)
[2025-05-15T18:36:00.855+0000][75.110s]  Metaspace       used 43706K, committed 44224K, reserved 1114112K
[2025-05-15T18:36:00.855+0000][75.110s]   class space    used 5565K, committed 5824K, reserved 1048576K
