[2025-05-15T18:39:18.782+0000][0.123s] Using G1
[2025-05-15T18:39:18.895+0000][0.236s] Version: 17.0.10+7 (release)
[2025-05-15T18:39:18.896+0000][0.237s] CPUs: 16 total, 16 available
[2025-05-15T18:39:18.896+0000][0.237s] Memory: 7788M
[2025-05-15T18:39:18.897+0000][0.238s] Large Page Support: Disabled
[2025-05-15T18:39:18.897+0000][0.238s] NUMA Support: Disabled
[2025-05-15T18:39:18.898+0000][0.238s] Compressed Oops: Enabled (32-bit)
[2025-05-15T18:39:18.898+0000][0.239s] Heap Region Size: 1M
[2025-05-15T18:39:18.898+0000][0.239s] Heap Min Capacity: 512M
[2025-05-15T18:39:18.899+0000][0.239s] Heap Initial Capacity: 512M
[2025-05-15T18:39:18.900+0000][0.240s] Heap Max Capacity: 512M
[2025-05-15T18:39:18.900+0000][0.241s] Pre-touch: Enabled
[2025-05-15T18:39:18.900+0000][0.241s] Parallel Workers: 13
[2025-05-15T18:39:18.901+0000][0.242s] Concurrent Workers: 3
[2025-05-15T18:39:18.901+0000][0.242s] Concurrent Refinement Workers: 13
[2025-05-15T18:39:18.902+0000][0.243s] Periodic GC: Disabled
[2025-05-15T18:39:18.914+0000][0.255s] CDS archive(s) mapped at: [0x00007f7227000000-0x00007f7227a5f000-0x00007f7227a5f000), size 10874880, SharedBaseAddress: 0x00007f7227000000, ArchiveRelocationMode: 1.
[2025-05-15T18:39:18.915+0000][0.256s] Compressed class space mapped at: 0x00007f7228000000-0x00007f7268000000, reserved size: 1073741824
[2025-05-15T18:39:18.915+0000][0.256s] Narrow klass base: 0x00007f7227000000, Narrow klass shift: 0, Narrow klass range: 0x100000000
[2025-05-15T18:39:20.282+0000][1.622s] GC(0) Pause Young (Normal) (G1 Evacuation Pause)
[2025-05-15T18:39:20.282+0000][1.623s] GC(0) Using 12 workers of 13 for evacuation
[2025-05-15T18:39:20.287+0000][1.628s] GC(0)   Pre Evacuate Collection Set: 0.4ms
[2025-05-15T18:39:20.288+0000][1.628s] GC(0)   Merge Heap Roots: 0.4ms
[2025-05-15T18:39:20.288+0000][1.629s] GC(0)   Evacuate Collection Set: 2.9ms
[2025-05-15T18:39:20.288+0000][1.629s] GC(0)   Post Evacuate Collection Set: 1.3ms
[2025-05-15T18:39:20.288+0000][1.629s] GC(0)   Other: 0.7ms
[2025-05-15T18:39:20.289+0000][1.629s] GC(0) Eden regions: 29->0(58)
[2025-05-15T18:39:20.289+0000][1.629s] GC(0) Survivor regions: 0->4(4)
[2025-05-15T18:39:20.289+0000][1.630s] GC(0) Old regions: 0->1
[2025-05-15T18:39:20.289+0000][1.630s] GC(0) Archive regions: 2->2
[2025-05-15T18:39:20.289+0000][1.630s] GC(0) Humongous regions: 0->0
[2025-05-15T18:39:20.290+0000][1.630s] GC(0) Metaspace: 9917K(10176K)->9917K(10176K) NonClass: 8708K(8832K)->8708K(8832K) Class: 1208K(1344K)->1208K(1344K)
[2025-05-15T18:39:20.290+0000][1.631s] GC(0) Pause Young (Normal) (G1 Evacuation Pause) 29M->4M(512M) 8.307ms
[2025-05-15T18:39:20.290+0000][1.631s] GC(0) User=0.02s Sys=0.01s Real=0.01s
[2025-05-15T18:39:21.230+0000][2.571s] GC(1) Pause Young (Normal) (G1 Evacuation Pause)
[2025-05-15T18:39:21.230+0000][2.571s] GC(1) Using 13 workers of 13 for evacuation
[2025-05-15T18:39:21.240+0000][2.581s] GC(1)   Pre Evacuate Collection Set: 0.4ms
[2025-05-15T18:39:21.240+0000][2.581s] GC(1)   Merge Heap Roots: 0.3ms
[2025-05-15T18:39:21.241+0000][2.581s] GC(1)   Evacuate Collection Set: 7.1ms
[2025-05-15T18:39:21.241+0000][2.582s] GC(1)   Post Evacuate Collection Set: 1.6ms
[2025-05-15T18:39:21.241+0000][2.582s] GC(1)   Other: 0.7ms
[2025-05-15T18:39:21.241+0000][2.582s] GC(1) Eden regions: 58->0(76)
[2025-05-15T18:39:21.242+0000][2.582s] GC(1) Survivor regions: 4->8(8)
[2025-05-15T18:39:21.242+0000][2.583s] GC(1) Old regions: 1->7
[2025-05-15T18:39:21.242+0000][2.583s] GC(1) Archive regions: 2->2
[2025-05-15T18:39:21.242+0000][2.583s] GC(1) Humongous regions: 4->4
[2025-05-15T18:39:21.243+0000][2.583s] GC(1) Metaspace: 18016K(18240K)->18016K(18240K) NonClass: 15817K(15936K)->15817K(15936K) Class: 2198K(2304K)->2198K(2304K)
[2025-05-15T18:39:21.243+0000][2.584s] GC(1) Pause Young (Normal) (G1 Evacuation Pause) 66M->19M(512M) 13.257ms
[2025-05-15T18:39:21.243+0000][2.584s] GC(1) User=0.06s Sys=0.02s Real=0.02s
[2025-05-15T18:39:21.846+0000][3.186s] GC(2) Pause Young (Concurrent Start) (Metadata GC Threshold)
[2025-05-15T18:39:21.846+0000][3.187s] GC(2) Using 13 workers of 13 for evacuation
[2025-05-15T18:39:21.855+0000][3.196s] GC(2)   Pre Evacuate Collection Set: 0.5ms
[2025-05-15T18:39:21.855+0000][3.196s] GC(2)   Merge Heap Roots: 0.4ms
[2025-05-15T18:39:21.856+0000][3.196s] GC(2)   Evacuate Collection Set: 5.8ms
[2025-05-15T18:39:21.856+0000][3.197s] GC(2)   Post Evacuate Collection Set: 1.7ms
[2025-05-15T18:39:21.856+0000][3.197s] GC(2)   Other: 1.1ms
[2025-05-15T18:39:21.857+0000][3.197s] GC(2) Eden regions: 70->0(283)
[2025-05-15T18:39:21.857+0000][3.198s] GC(2) Survivor regions: 8->10(11)
[2025-05-15T18:39:21.857+0000][3.198s] GC(2) Old regions: 7->10
[2025-05-15T18:39:21.858+0000][3.198s] GC(2) Archive regions: 2->2
[2025-05-15T18:39:21.858+0000][3.199s] GC(2) Humongous regions: 4->4
[2025-05-15T18:39:21.858+0000][3.199s] GC(2) Metaspace: 21228K(21504K)->21228K(21504K) NonClass: 18645K(18816K)->18645K(18816K) Class: 2583K(2688K)->2583K(2688K)
[2025-05-15T18:39:21.858+0000][3.199s] GC(2) Pause Young (Concurrent Start) (Metadata GC Threshold) 89M->23M(512M) 12.839ms
[2025-05-15T18:39:21.859+0000][3.200s] GC(2) User=0.05s Sys=0.00s Real=0.01s
[2025-05-15T18:39:21.859+0000][3.200s] GC(3) Concurrent Mark Cycle
[2025-05-15T18:39:21.860+0000][3.200s] GC(3) Concurrent Clear Claimed Marks
[2025-05-15T18:39:21.860+0000][3.201s] GC(3) Concurrent Clear Claimed Marks 0.608ms
[2025-05-15T18:39:21.861+0000][3.201s] GC(3) Concurrent Scan Root Regions
[2025-05-15T18:39:21.864+0000][3.205s] GC(3) Concurrent Scan Root Regions 3.798ms
[2025-05-15T18:39:21.865+0000][3.205s] GC(3) Concurrent Mark
[2025-05-15T18:39:21.865+0000][3.206s] GC(3) Concurrent Mark From Roots
[2025-05-15T18:39:21.865+0000][3.206s] GC(3) Using 3 workers of 3 for marking
[2025-05-15T18:39:21.878+0000][3.218s] GC(3) Concurrent Mark From Roots 12.604ms
[2025-05-15T18:39:21.878+0000][3.219s] GC(3) Concurrent Preclean
[2025-05-15T18:39:21.879+0000][3.219s] GC(3) Concurrent Preclean 0.511ms
[2025-05-15T18:39:21.879+0000][3.220s] GC(3) Pause Remark
[2025-05-15T18:39:21.883+0000][3.224s] GC(3) Pause Remark 25M->25M(512M) 4.262ms
[2025-05-15T18:39:21.884+0000][3.224s] GC(3) User=0.03s Sys=0.01s Real=0.01s
[2025-05-15T18:39:21.884+0000][3.225s] GC(3) Concurrent Mark 19.380ms
[2025-05-15T18:39:21.885+0000][3.225s] GC(3) Concurrent Rebuild Remembered Sets
[2025-05-15T18:39:21.885+0000][3.226s] GC(3) Concurrent Rebuild Remembered Sets 0.320ms
[2025-05-15T18:39:21.885+0000][3.226s] GC(3) Pause Cleanup
[2025-05-15T18:39:21.886+0000][3.226s] GC(3) Pause Cleanup 26M->26M(512M) 0.329ms
[2025-05-15T18:39:21.886+0000][3.227s] GC(3) User=0.00s Sys=0.00s Real=0.00s
[2025-05-15T18:39:21.887+0000][3.227s] GC(3) Concurrent Cleanup for Next Mark
[2025-05-15T18:39:21.888+0000][3.228s] GC(3) Concurrent Cleanup for Next Mark 1.124ms
[2025-05-15T18:39:21.888+0000][3.229s] GC(3) Concurrent Mark Cycle 28.826ms
[2025-05-15T18:39:24.053+0000][5.394s] GC(4) Pause Young (Concurrent Start) (Metadata GC Threshold)
[2025-05-15T18:39:24.054+0000][5.394s] GC(4) Using 13 workers of 13 for evacuation
[2025-05-15T18:39:24.064+0000][5.405s] GC(4)   Pre Evacuate Collection Set: 0.5ms
[2025-05-15T18:39:24.065+0000][5.406s] GC(4)   Merge Heap Roots: 0.4ms
[2025-05-15T18:39:24.065+0000][5.406s] GC(4)   Evacuate Collection Set: 6.6ms
[2025-05-15T18:39:24.065+0000][5.406s] GC(4)   Post Evacuate Collection Set: 2.7ms
[2025-05-15T18:39:24.066+0000][5.406s] GC(4)   Other: 0.9ms
[2025-05-15T18:39:24.066+0000][5.407s] GC(4) Eden regions: 100->0(291)
[2025-05-15T18:39:24.066+0000][5.407s] GC(4) Survivor regions: 10->16(37)
[2025-05-15T18:39:24.067+0000][5.407s] GC(4) Old regions: 10->10
[2025-05-15T18:39:24.067+0000][5.408s] GC(4) Archive regions: 2->2
[2025-05-15T18:39:24.067+0000][5.408s] GC(4) Humongous regions: 5->4
[2025-05-15T18:39:24.068+0000][5.408s] GC(4) Metaspace: 35706K(36096K)->35706K(36096K) NonClass: 31293K(31488K)->31293K(31488K) Class: 4412K(4608K)->4412K(4608K)
[2025-05-15T18:39:24.068+0000][5.409s] GC(4) Pause Young (Concurrent Start) (Metadata GC Threshold) 124M->30M(512M) 14.574ms
[2025-05-15T18:39:24.068+0000][5.409s] GC(4) User=0.07s Sys=0.01s Real=0.01s
[2025-05-15T18:39:24.069+0000][5.410s] GC(5) Concurrent Mark Cycle
[2025-05-15T18:39:24.069+0000][5.410s] GC(5) Concurrent Clear Claimed Marks
[2025-05-15T18:39:24.070+0000][5.410s] GC(5) Concurrent Clear Claimed Marks 0.508ms
[2025-05-15T18:39:24.070+0000][5.411s] GC(5) Concurrent Scan Root Regions
[2025-05-15T18:39:24.075+0000][5.416s] GC(5) Concurrent Scan Root Regions 4.956ms
[2025-05-15T18:39:24.075+0000][5.416s] GC(5) Concurrent Mark
[2025-05-15T18:39:24.076+0000][5.417s] GC(5) Concurrent Mark From Roots
[2025-05-15T18:39:24.076+0000][5.417s] GC(5) Using 3 workers of 3 for marking
[2025-05-15T18:39:24.087+0000][5.428s] GC(5) Concurrent Mark From Roots 11.377ms
[2025-05-15T18:39:24.088+0000][5.428s] GC(5) Concurrent Preclean
[2025-05-15T18:39:24.088+0000][5.429s] GC(5) Concurrent Preclean 0.518ms
[2025-05-15T18:39:24.089+0000][5.430s] GC(5) Pause Remark
[2025-05-15T18:39:24.094+0000][5.434s] GC(5) Pause Remark 32M->32M(512M) 4.916ms
[2025-05-15T18:39:24.094+0000][5.435s] GC(5) User=0.03s Sys=0.02s Real=0.01s
[2025-05-15T18:39:24.095+0000][5.435s] GC(5) Concurrent Mark 19.301ms
[2025-05-15T18:39:24.095+0000][5.436s] GC(5) Concurrent Rebuild Remembered Sets
[2025-05-15T18:39:24.099+0000][5.440s] GC(5) Concurrent Rebuild Remembered Sets 4.248ms
[2025-05-15T18:39:24.100+0000][5.441s] GC(5) Pause Cleanup
[2025-05-15T18:39:24.101+0000][5.442s] GC(5) Pause Cleanup 32M->32M(512M) 0.871ms
[2025-05-15T18:39:24.101+0000][5.442s] GC(5) User=0.00s Sys=0.00s Real=0.00s
[2025-05-15T18:39:24.102+0000][5.442s] GC(5) Concurrent Cleanup for Next Mark
[2025-05-15T18:39:24.103+0000][5.443s] GC(5) Concurrent Cleanup for Next Mark 1.065ms
[2025-05-15T18:39:24.103+0000][5.444s] GC(5) Concurrent Mark Cycle 34.392ms
[2025-05-15T18:45:28.695+0000][370.059s] Heap
[2025-05-15T18:45:28.695+0000][370.059s]  garbage-first heap   total 524288K, used 199164K [0x00000000e0000000, 0x0000000100000000)
[2025-05-15T18:45:28.696+0000][370.059s]   region size 1024K, 180 young (184320K), 16 survivors (16384K)
[2025-05-15T18:45:28.696+0000][370.060s]  Metaspace       used 52121K, committed 52608K, reserved 1114112K
[2025-05-15T18:45:28.696+0000][370.060s]   class space    used 6698K, committed 6912K, reserved 1048576K
