[2025-05-15T18:45:33.561+0000][0.122s] Using G1
[2025-05-15T18:45:33.677+0000][0.238s] Version: 17.0.10+7 (release)
[2025-05-15T18:45:33.678+0000][0.239s] CPUs: 16 total, 16 available
[2025-05-15T18:45:33.678+0000][0.239s] Memory: 7788M
[2025-05-15T18:45:33.679+0000][0.240s] Large Page Support: Disabled
[2025-05-15T18:45:33.679+0000][0.240s] NUMA Support: Disabled
[2025-05-15T18:45:33.679+0000][0.241s] Compressed Oops: Enabled (32-bit)
[2025-05-15T18:45:33.680+0000][0.241s] Heap Region Size: 1M
[2025-05-15T18:45:33.680+0000][0.241s] Heap Min Capacity: 512M
[2025-05-15T18:45:33.681+0000][0.242s] Heap Initial Capacity: 512M
[2025-05-15T18:45:33.681+0000][0.242s] Heap Max Capacity: 512M
[2025-05-15T18:45:33.681+0000][0.243s] Pre-touch: Enabled
[2025-05-15T18:45:33.682+0000][0.243s] Parallel Workers: 13
[2025-05-15T18:45:33.682+0000][0.243s] Concurrent Workers: 3
[2025-05-15T18:45:33.682+0000][0.243s] Concurrent Refinement Workers: 13
[2025-05-15T18:45:33.683+0000][0.244s] Periodic GC: Disabled
[2025-05-15T18:45:33.696+0000][0.257s] CDS archive(s) mapped at: [0x00007f7dd3000000-0x00007f7dd3a5f000-0x00007f7dd3a5f000), size 10874880, SharedBaseAddress: 0x00007f7dd3000000, ArchiveRelocationMode: 1.
[2025-05-15T18:45:33.697+0000][0.258s] Compressed class space mapped at: 0x00007f7dd4000000-0x00007f7e14000000, reserved size: 1073741824
[2025-05-15T18:45:33.697+0000][0.258s] Narrow klass base: 0x00007f7dd3000000, Narrow klass shift: 0, Narrow klass range: 0x100000000
[2025-05-15T18:45:34.924+0000][1.485s] GC(0) Pause Young (Normal) (G1 Evacuation Pause)
[2025-05-15T18:45:34.925+0000][1.486s] GC(0) Using 12 workers of 13 for evacuation
[2025-05-15T18:45:34.930+0000][1.491s] GC(0)   Pre Evacuate Collection Set: 0.5ms
[2025-05-15T18:45:34.930+0000][1.491s] GC(0)   Merge Heap Roots: 0.4ms
[2025-05-15T18:45:34.930+0000][1.492s] GC(0)   Evacuate Collection Set: 2.7ms
[2025-05-15T18:45:34.931+0000][1.492s] GC(0)   Post Evacuate Collection Set: 1.2ms
[2025-05-15T18:45:34.931+0000][1.492s] GC(0)   Other: 0.7ms
[2025-05-15T18:45:34.931+0000][1.492s] GC(0) Eden regions: 29->0(58)
[2025-05-15T18:45:34.932+0000][1.493s] GC(0) Survivor regions: 0->4(4)
[2025-05-15T18:45:34.932+0000][1.493s] GC(0) Old regions: 0->1
[2025-05-15T18:45:34.932+0000][1.493s] GC(0) Archive regions: 2->2
[2025-05-15T18:45:34.932+0000][1.493s] GC(0) Humongous regions: 0->0
[2025-05-15T18:45:34.933+0000][1.494s] GC(0) Metaspace: 9901K(10176K)->9901K(10176K) NonClass: 8694K(8832K)->8694K(8832K) Class: 1207K(1344K)->1207K(1344K)
[2025-05-15T18:45:34.933+0000][1.494s] GC(0) Pause Young (Normal) (G1 Evacuation Pause) 29M->4M(512M) 8.454ms
[2025-05-15T18:45:34.933+0000][1.494s] GC(0) User=0.03s Sys=0.00s Real=0.01s
[2025-05-15T18:45:35.954+0000][2.515s] GC(1) Pause Young (Normal) (G1 Evacuation Pause)
[2025-05-15T18:45:35.954+0000][2.515s] GC(1) Using 13 workers of 13 for evacuation
[2025-05-15T18:45:35.965+0000][2.526s] GC(1)   Pre Evacuate Collection Set: 0.4ms
[2025-05-15T18:45:35.965+0000][2.526s] GC(1)   Merge Heap Roots: 0.4ms
[2025-05-15T18:45:35.966+0000][2.527s] GC(1)   Evacuate Collection Set: 8.0ms
[2025-05-15T18:45:35.966+0000][2.527s] GC(1)   Post Evacuate Collection Set: 1.6ms
[2025-05-15T18:45:35.966+0000][2.527s] GC(1)   Other: 0.8ms
[2025-05-15T18:45:35.967+0000][2.528s] GC(1) Eden regions: 58->0(78)
[2025-05-15T18:45:35.967+0000][2.528s] GC(1) Survivor regions: 4->8(8)
[2025-05-15T18:45:35.967+0000][2.528s] GC(1) Old regions: 1->7
[2025-05-15T18:45:35.967+0000][2.528s] GC(1) Archive regions: 2->2
[2025-05-15T18:45:35.968+0000][2.529s] GC(1) Humongous regions: 4->4
[2025-05-15T18:45:35.968+0000][2.529s] GC(1) Metaspace: 17988K(18240K)->17988K(18240K) NonClass: 15789K(15936K)->15789K(15936K) Class: 2198K(2304K)->2198K(2304K)
[2025-05-15T18:45:35.968+0000][2.530s] GC(1) Pause Young (Normal) (G1 Evacuation Pause) 66M->19M(512M) 14.716ms
[2025-05-15T18:45:35.969+0000][2.530s] GC(1) User=0.12s Sys=0.00s Real=0.02s
[2025-05-15T18:45:36.552+0000][3.113s] GC(2) Pause Young (Concurrent Start) (Metadata GC Threshold)
[2025-05-15T18:45:36.552+0000][3.113s] GC(2) Using 13 workers of 13 for evacuation
[2025-05-15T18:45:36.561+0000][3.122s] GC(2)   Pre Evacuate Collection Set: 0.4ms
[2025-05-15T18:45:36.561+0000][3.122s] GC(2)   Merge Heap Roots: 0.4ms
[2025-05-15T18:45:36.561+0000][3.122s] GC(2)   Evacuate Collection Set: 5.7ms
[2025-05-15T18:45:36.562+0000][3.123s] GC(2)   Post Evacuate Collection Set: 1.5ms
[2025-05-15T18:45:36.562+0000][3.123s] GC(2)   Other: 0.9ms
[2025-05-15T18:45:36.562+0000][3.123s] GC(2) Eden regions: 73->0(240)
[2025-05-15T18:45:36.562+0000][3.123s] GC(2) Survivor regions: 8->10(11)
[2025-05-15T18:45:36.563+0000][3.124s] GC(2) Old regions: 7->10
[2025-05-15T18:45:36.563+0000][3.124s] GC(2) Archive regions: 2->2
[2025-05-15T18:45:36.563+0000][3.124s] GC(2) Humongous regions: 4->4
[2025-05-15T18:45:36.563+0000][3.125s] GC(2) Metaspace: 21244K(21504K)->21244K(21504K) NonClass: 18658K(18816K)->18658K(18816K) Class: 2586K(2688K)->2586K(2688K)
[2025-05-15T18:45:36.564+0000][3.125s] GC(2) Pause Young (Concurrent Start) (Metadata GC Threshold) 91M->24M(512M) 11.922ms
[2025-05-15T18:45:36.564+0000][3.125s] GC(2) User=0.04s Sys=0.00s Real=0.01s
[2025-05-15T18:45:36.564+0000][3.125s] GC(3) Concurrent Mark Cycle
[2025-05-15T18:45:36.565+0000][3.126s] GC(3) Concurrent Clear Claimed Marks
[2025-05-15T18:45:36.565+0000][3.126s] GC(3) Concurrent Clear Claimed Marks 0.344ms
[2025-05-15T18:45:36.565+0000][3.126s] GC(3) Concurrent Scan Root Regions
[2025-05-15T18:45:36.569+0000][3.130s] GC(3) Concurrent Scan Root Regions 3.454ms
[2025-05-15T18:45:36.569+0000][3.130s] GC(3) Concurrent Mark
[2025-05-15T18:45:36.569+0000][3.130s] GC(3) Concurrent Mark From Roots
[2025-05-15T18:45:36.569+0000][3.131s] GC(3) Using 3 workers of 3 for marking
[2025-05-15T18:45:36.579+0000][3.140s] GC(3) Concurrent Mark From Roots 9.617ms
[2025-05-15T18:45:36.579+0000][3.140s] GC(3) Concurrent Preclean
[2025-05-15T18:45:36.580+0000][3.141s] GC(3) Concurrent Preclean 0.483ms
[2025-05-15T18:45:36.582+0000][3.143s] GC(3) Pause Remark
[2025-05-15T18:45:36.586+0000][3.147s] GC(3) Pause Remark 27M->27M(512M) 3.881ms
[2025-05-15T18:45:36.586+0000][3.147s] GC(3) User=0.01s Sys=0.00s Real=0.00s
[2025-05-15T18:45:36.587+0000][3.148s] GC(3) Concurrent Mark 18.015ms
[2025-05-15T18:45:36.587+0000][3.148s] GC(3) Concurrent Rebuild Remembered Sets
[2025-05-15T18:45:36.591+0000][3.153s] GC(3) Concurrent Rebuild Remembered Sets 4.252ms
[2025-05-15T18:45:36.592+0000][3.153s] GC(3) Pause Cleanup
[2025-05-15T18:45:36.593+0000][3.154s] GC(3) Pause Cleanup 28M->28M(512M) 0.768ms
[2025-05-15T18:45:36.593+0000][3.154s] GC(3) User=0.00s Sys=0.00s Real=0.00s
[2025-05-15T18:45:36.594+0000][3.155s] GC(3) Concurrent Cleanup for Next Mark
[2025-05-15T18:45:36.595+0000][3.156s] GC(3) Concurrent Cleanup for Next Mark 1.122ms
[2025-05-15T18:45:36.595+0000][3.156s] GC(3) Concurrent Mark Cycle 30.734ms
[2025-05-15T18:45:38.937+0000][5.498s] GC(4) Pause Young (Prepare Mixed) (Metadata GC Threshold)
[2025-05-15T18:45:38.938+0000][5.499s] GC(4) Using 13 workers of 13 for evacuation
[2025-05-15T18:45:38.949+0000][5.511s] GC(4)   Pre Evacuate Collection Set: 0.5ms
[2025-05-15T18:45:38.950+0000][5.511s] GC(4)   Merge Heap Roots: 0.5ms
[2025-05-15T18:45:38.950+0000][5.511s] GC(4)   Evacuate Collection Set: 7.6ms
[2025-05-15T18:45:38.950+0000][5.511s] GC(4)   Post Evacuate Collection Set: 2.8ms
[2025-05-15T18:45:38.951+0000][5.512s] GC(4)   Other: 0.9ms
[2025-05-15T18:45:38.951+0000][5.512s] GC(4) Eden regions: 121->0(9)
[2025-05-15T18:45:38.951+0000][5.512s] GC(4) Survivor regions: 10->16(35)
[2025-05-15T18:45:38.952+0000][5.513s] GC(4) Old regions: 10->10
[2025-05-15T18:45:38.952+0000][5.513s] GC(4) Archive regions: 2->2
[2025-05-15T18:45:38.952+0000][5.513s] GC(4) Humongous regions: 5->4
[2025-05-15T18:45:38.952+0000][5.513s] GC(4) Metaspace: 35837K(36160K)->35837K(36160K) NonClass: 31406K(31552K)->31406K(31552K) Class: 4431K(4608K)->4431K(4608K)
[2025-05-15T18:45:38.953+0000][5.514s] GC(4) Pause Young (Prepare Mixed) (Metadata GC Threshold) 146M->30M(512M) 15.537ms
[2025-05-15T18:45:38.953+0000][5.514s] GC(4) User=0.08s Sys=0.02s Real=0.01s
[2025-05-15T18:45:38.973+0000][5.534s] GC(5) Pause Young (Mixed) (Metadata GC Threshold)
[2025-05-15T18:45:38.973+0000][5.534s] GC(5) Using 13 workers of 13 for evacuation
[2025-05-15T18:45:38.983+0000][5.544s] GC(5)   Pre Evacuate Collection Set: 0.4ms
[2025-05-15T18:45:38.984+0000][5.545s] GC(5)   Merge Heap Roots: 0.3ms
[2025-05-15T18:45:38.984+0000][5.545s] GC(5)   Evacuate Collection Set: 6.4ms
[2025-05-15T18:45:38.985+0000][5.546s] GC(5)   Post Evacuate Collection Set: 1.9ms
[2025-05-15T18:45:38.985+0000][5.546s] GC(5)   Other: 1.0ms
[2025-05-15T18:45:38.985+0000][5.547s] GC(5) Eden regions: 2->0(271)
[2025-05-15T18:45:38.986+0000][5.547s] GC(5) Survivor regions: 16->2(4)
[2025-05-15T18:45:38.986+0000][5.547s] GC(5) Old regions: 10->26
[2025-05-15T18:45:38.987+0000][5.548s] GC(5) Archive regions: 2->2
[2025-05-15T18:45:38.987+0000][5.548s] GC(5) Humongous regions: 4->4
[2025-05-15T18:45:38.988+0000][5.549s] GC(5) Metaspace: 36070K(36480K)->36070K(36480K) NonClass: 31607K(31808K)->31607K(31808K) Class: 4463K(4672K)->4463K(4672K)
[2025-05-15T18:45:38.988+0000][5.549s] GC(5) Pause Young (Mixed) (Metadata GC Threshold) 31M->31M(512M) 15.191ms
[2025-05-15T18:45:38.988+0000][5.550s] GC(5) User=0.12s Sys=0.01s Real=0.02s
[2025-05-15T18:45:39.028+0000][5.589s] GC(6) Pause Young (Concurrent Start) (Metadata GC Threshold)
[2025-05-15T18:45:39.029+0000][5.590s] GC(6) Using 13 workers of 13 for evacuation
[2025-05-15T18:45:39.033+0000][5.594s] GC(6)   Pre Evacuate Collection Set: 0.5ms
[2025-05-15T18:45:39.034+0000][5.595s] GC(6)   Merge Heap Roots: 0.4ms
[2025-05-15T18:45:39.034+0000][5.595s] GC(6)   Evacuate Collection Set: 1.8ms
[2025-05-15T18:45:39.034+0000][5.595s] GC(6)   Post Evacuate Collection Set: 1.4ms
[2025-05-15T18:45:39.034+0000][5.596s] GC(6)   Other: 0.9ms
[2025-05-15T18:45:39.035+0000][5.596s] GC(6) Eden regions: 3->0(304)
[2025-05-15T18:45:39.035+0000][5.596s] GC(6) Survivor regions: 2->1(35)
[2025-05-15T18:45:39.035+0000][5.597s] GC(6) Old regions: 26->26
[2025-05-15T18:45:39.036+0000][5.597s] GC(6) Archive regions: 2->2
[2025-05-15T18:45:39.036+0000][5.597s] GC(6) Humongous regions: 4->4
[2025-05-15T18:45:39.037+0000][5.598s] GC(6) Metaspace: 36415K(36800K)->36415K(36800K) NonClass: 31903K(32128K)->31903K(32128K) Class: 4512K(4672K)->4512K(4672K)
[2025-05-15T18:45:39.037+0000][5.598s] GC(6) Pause Young (Concurrent Start) (Metadata GC Threshold) 33M->30M(512M) 8.669ms
[2025-05-15T18:45:39.037+0000][5.599s] GC(6) User=0.03s Sys=0.00s Real=0.01s
[2025-05-15T18:45:39.038+0000][5.599s] GC(7) Concurrent Mark Cycle
[2025-05-15T18:45:39.039+0000][5.600s] GC(7) Concurrent Clear Claimed Marks
[2025-05-15T18:45:39.039+0000][5.600s] GC(7) Concurrent Clear Claimed Marks 0.498ms
[2025-05-15T18:45:39.039+0000][5.601s] GC(7) Concurrent Scan Root Regions
[2025-05-15T18:45:39.041+0000][5.602s] GC(7) Concurrent Scan Root Regions 1.636ms
[2025-05-15T18:45:39.042+0000][5.603s] GC(7) Concurrent Mark
[2025-05-15T18:45:39.042+0000][5.603s] GC(7) Concurrent Mark From Roots
[2025-05-15T18:45:39.042+0000][5.603s] GC(7) Using 3 workers of 3 for marking
[2025-05-15T18:45:39.066+0000][5.627s] GC(7) Concurrent Mark From Roots 24.052ms
[2025-05-15T18:45:39.066+0000][5.627s] GC(7) Concurrent Preclean
[2025-05-15T18:45:39.067+0000][5.628s] GC(7) Concurrent Preclean 0.796ms
[2025-05-15T18:45:39.068+0000][5.629s] GC(7) Pause Remark
[2025-05-15T18:45:39.074+0000][5.635s] GC(7) Pause Remark 32M->32M(512M) 6.336ms
[2025-05-15T18:45:39.075+0000][5.636s] GC(7) User=0.01s Sys=0.00s Real=0.00s
[2025-05-15T18:45:39.075+0000][5.636s] GC(7) Concurrent Mark 33.856ms
[2025-05-15T18:45:39.076+0000][5.637s] GC(7) Concurrent Rebuild Remembered Sets
[2025-05-15T18:45:39.085+0000][5.646s] GC(7) Concurrent Rebuild Remembered Sets 9.090ms
[2025-05-15T18:45:39.086+0000][5.647s] GC(7) Pause Cleanup
[2025-05-15T18:45:39.086+0000][5.647s] GC(7) Pause Cleanup 32M->32M(512M) 0.765ms
[2025-05-15T18:45:39.087+0000][5.648s] GC(7) User=0.01s Sys=0.00s Real=0.00s
[2025-05-15T18:45:39.087+0000][5.648s] GC(7) Concurrent Cleanup for Next Mark
[2025-05-15T18:45:39.089+0000][5.650s] GC(7) Concurrent Cleanup for Next Mark 1.172ms
[2025-05-15T18:45:39.089+0000][5.650s] GC(7) Concurrent Mark Cycle 50.915ms
[2025-05-15T18:51:37.375+0000][363.959s] Heap
[2025-05-15T18:51:37.375+0000][363.960s]  garbage-first heap   total 524288K, used 206310K [0x00000000e0000000, 0x0000000100000000)
[2025-05-15T18:51:37.376+0000][363.960s]   region size 1024K, 173 young (177152K), 1 survivors (1024K)
[2025-05-15T18:51:37.376+0000][363.960s]  Metaspace       used 53560K, committed 54144K, reserved 1114112K
[2025-05-15T18:51:37.376+0000][363.961s]   class space    used 6909K, committed 7168K, reserved 1048576K
