[2025-05-15T19:34:39.848+0000][0.131s] Using G1
[2025-05-15T19:34:40.086+0000][0.369s] Version: 17.0.10+7 (release)
[2025-05-15T19:34:40.087+0000][0.370s] CPUs: 16 total, 16 available
[2025-05-15T19:34:40.087+0000][0.371s] Memory: 7788M
[2025-05-15T19:34:40.088+0000][0.371s] Large Page Support: Disabled
[2025-05-15T19:34:40.088+0000][0.372s] NUMA Support: Disabled
[2025-05-15T19:34:40.089+0000][0.372s] Compressed Oops: Enabled (32-bit)
[2025-05-15T19:34:40.089+0000][0.372s] Heap Region Size: 1M
[2025-05-15T19:34:40.089+0000][0.373s] Heap Min Capacity: 512M
[2025-05-15T19:34:40.090+0000][0.373s] Heap Initial Capacity: 512M
[2025-05-15T19:34:40.091+0000][0.374s] Heap Max Capacity: 512M
[2025-05-15T19:34:40.091+0000][0.374s] Pre-touch: Enabled
[2025-05-15T19:34:40.091+0000][0.375s] Parallel Workers: 13
[2025-05-15T19:34:40.092+0000][0.375s] Concurrent Workers: 3
[2025-05-15T19:34:40.092+0000][0.376s] Concurrent Refinement Workers: 13
[2025-05-15T19:34:40.093+0000][0.376s] Periodic GC: Disabled
[2025-05-15T19:34:40.113+0000][0.397s] CDS archive(s) mapped at: [0x00007f2227000000-0x00007f2227a5f000-0x00007f2227a5f000), size 10874880, SharedBaseAddress: 0x00007f2227000000, ArchiveRelocationMode: 1.
[2025-05-15T19:34:40.114+0000][0.398s] Compressed class space mapped at: 0x00007f2228000000-0x00007f2268000000, reserved size: 1073741824
[2025-05-15T19:34:40.115+0000][0.398s] Narrow klass base: 0x00007f2227000000, Narrow klass shift: 0, Narrow klass range: 0x100000000
[2025-05-15T19:34:41.809+0000][2.092s] GC(0) Pause Young (Normal) (G1 Evacuation Pause)
[2025-05-15T19:34:41.809+0000][2.092s] GC(0) Using 12 workers of 13 for evacuation
[2025-05-15T19:34:41.814+0000][2.097s] GC(0)   Pre Evacuate Collection Set: 0.4ms
[2025-05-15T19:34:41.814+0000][2.098s] GC(0)   Merge Heap Roots: 0.5ms
[2025-05-15T19:34:41.815+0000][2.098s] GC(0)   Evacuate Collection Set: 2.7ms
[2025-05-15T19:34:41.815+0000][2.098s] GC(0)   Post Evacuate Collection Set: 1.2ms
[2025-05-15T19:34:41.815+0000][2.099s] GC(0)   Other: 0.8ms
[2025-05-15T19:34:41.816+0000][2.099s] GC(0) Eden regions: 29->0(59)
[2025-05-15T19:34:41.816+0000][2.099s] GC(0) Survivor regions: 0->4(4)
[2025-05-15T19:34:41.816+0000][2.099s] GC(0) Old regions: 0->1
[2025-05-15T19:34:41.816+0000][2.100s] GC(0) Archive regions: 2->2
[2025-05-15T19:34:41.816+0000][2.100s] GC(0) Humongous regions: 0->0
[2025-05-15T19:34:41.817+0000][2.100s] GC(0) Metaspace: 9907K(10176K)->9907K(10176K) NonClass: 8700K(8832K)->8700K(8832K) Class: 1207K(1344K)->1207K(1344K)
[2025-05-15T19:34:41.817+0000][2.100s] GC(0) Pause Young (Normal) (G1 Evacuation Pause) 29M->4M(512M) 8.406ms
[2025-05-15T19:34:41.817+0000][2.101s] GC(0) User=0.04s Sys=0.00s Real=0.01s
[2025-05-15T19:34:43.015+0000][3.298s] GC(1) Pause Young (Normal) (G1 Evacuation Pause)
[2025-05-15T19:34:43.015+0000][3.298s] GC(1) Using 13 workers of 13 for evacuation
[2025-05-15T19:34:43.027+0000][3.310s] GC(1)   Pre Evacuate Collection Set: 0.5ms
[2025-05-15T19:34:43.027+0000][3.310s] GC(1)   Merge Heap Roots: 0.4ms
[2025-05-15T19:34:43.027+0000][3.311s] GC(1)   Evacuate Collection Set: 8.4ms
[2025-05-15T19:34:43.028+0000][3.311s] GC(1)   Post Evacuate Collection Set: 1.8ms
[2025-05-15T19:34:43.028+0000][3.311s] GC(1)   Other: 0.8ms
[2025-05-15T19:34:43.028+0000][3.311s] GC(1) Eden regions: 59->0(79)
[2025-05-15T19:34:43.029+0000][3.312s] GC(1) Survivor regions: 4->8(8)
[2025-05-15T19:34:43.029+0000][3.312s] GC(1) Old regions: 1->7
[2025-05-15T19:34:43.029+0000][3.313s] GC(1) Archive regions: 2->2
[2025-05-15T19:34:43.030+0000][3.313s] GC(1) Humongous regions: 4->4
[2025-05-15T19:34:43.030+0000][3.313s] GC(1) Metaspace: 18024K(18240K)->18024K(18240K) NonClass: 15825K(15936K)->15825K(15936K) Class: 2198K(2304K)->2198K(2304K)
[2025-05-15T19:34:43.030+0000][3.314s] GC(1) Pause Young (Normal) (G1 Evacuation Pause) 67M->19M(512M) 15.686ms
[2025-05-15T19:34:43.031+0000][3.314s] GC(1) User=0.06s Sys=0.02s Real=0.01s
[2025-05-15T19:34:43.793+0000][4.076s] GC(2) Pause Young (Concurrent Start) (Metadata GC Threshold)
[2025-05-15T19:34:43.793+0000][4.076s] GC(2) Using 13 workers of 13 for evacuation
[2025-05-15T19:34:43.802+0000][4.085s] GC(2)   Pre Evacuate Collection Set: 0.5ms
[2025-05-15T19:34:43.802+0000][4.086s] GC(2)   Merge Heap Roots: 0.4ms
[2025-05-15T19:34:43.803+0000][4.086s] GC(2)   Evacuate Collection Set: 5.5ms
[2025-05-15T19:34:43.803+0000][4.086s] GC(2)   Post Evacuate Collection Set: 1.7ms
[2025-05-15T19:34:43.803+0000][4.087s] GC(2)   Other: 1.4ms
[2025-05-15T19:34:43.804+0000][4.087s] GC(2) Eden regions: 71->0(277)
[2025-05-15T19:34:43.804+0000][4.087s] GC(2) Survivor regions: 8->9(11)
[2025-05-15T19:34:43.804+0000][4.088s] GC(2) Old regions: 7->11
[2025-05-15T19:34:43.805+0000][4.088s] GC(2) Archive regions: 2->2
[2025-05-15T19:34:43.805+0000][4.088s] GC(2) Humongous regions: 4->4
[2025-05-15T19:34:43.805+0000][4.088s] GC(2) Metaspace: 21233K(21504K)->21233K(21504K) NonClass: 18650K(18816K)->18650K(18816K) Class: 2583K(2688K)->2583K(2688K)
[2025-05-15T19:34:43.805+0000][4.089s] GC(2) Pause Young (Concurrent Start) (Metadata GC Threshold) 89M->23M(512M) 12.734ms
[2025-05-15T19:34:43.806+0000][4.089s] GC(2) User=0.02s Sys=0.01s Real=0.01s
[2025-05-15T19:34:43.806+0000][4.089s] GC(3) Concurrent Mark Cycle
[2025-05-15T19:34:43.807+0000][4.090s] GC(3) Concurrent Clear Claimed Marks
[2025-05-15T19:34:43.807+0000][4.090s] GC(3) Concurrent Clear Claimed Marks 0.327ms
[2025-05-15T19:34:43.807+0000][4.091s] GC(3) Concurrent Scan Root Regions
[2025-05-15T19:34:43.811+0000][4.094s] GC(3) Concurrent Scan Root Regions 3.389ms
[2025-05-15T19:34:43.811+0000][4.094s] GC(3) Concurrent Mark
[2025-05-15T19:34:43.811+0000][4.095s] GC(3) Concurrent Mark From Roots
[2025-05-15T19:34:43.812+0000][4.095s] GC(3) Using 3 workers of 3 for marking
[2025-05-15T19:34:43.820+0000][4.103s] GC(3) Concurrent Mark From Roots 8.835ms
[2025-05-15T19:34:43.821+0000][4.104s] GC(3) Concurrent Preclean
[2025-05-15T19:34:43.821+0000][4.105s] GC(3) Concurrent Preclean 0.646ms
[2025-05-15T19:34:43.822+0000][4.105s] GC(3) Pause Remark
[2025-05-15T19:34:43.826+0000][4.110s] GC(3) Pause Remark 24M->24M(512M) 4.485ms
[2025-05-15T19:34:43.827+0000][4.110s] GC(3) User=0.01s Sys=0.01s Real=0.00s
[2025-05-15T19:34:43.827+0000][4.111s] GC(3) Concurrent Mark 16.176ms
[2025-05-15T19:34:43.828+0000][4.111s] GC(3) Concurrent Rebuild Remembered Sets
[2025-05-15T19:34:43.833+0000][4.116s] GC(3) Concurrent Rebuild Remembered Sets 5.252ms
[2025-05-15T19:34:43.835+0000][4.119s] GC(3) Pause Cleanup
[2025-05-15T19:34:43.836+0000][4.120s] GC(3) Pause Cleanup 26M->26M(512M) 0.979ms
[2025-05-15T19:34:43.837+0000][4.120s] GC(3) User=0.00s Sys=0.00s Real=0.00s
[2025-05-15T19:34:43.837+0000][4.121s] GC(3) Concurrent Cleanup for Next Mark
[2025-05-15T19:34:43.838+0000][4.122s] GC(3) Concurrent Cleanup for Next Mark 1.049ms
[2025-05-15T19:34:43.839+0000][4.122s] GC(3) Concurrent Mark Cycle 32.648ms
[2025-05-15T19:34:46.554+0000][6.839s] GC(4) Pause Young (Concurrent Start) (Metadata GC Threshold)
[2025-05-15T19:34:46.554+0000][6.840s] GC(4) Using 13 workers of 13 for evacuation
[2025-05-15T19:34:46.564+0000][6.850s] GC(4)   Pre Evacuate Collection Set: 0.5ms
[2025-05-15T19:34:46.565+0000][6.850s] GC(4)   Merge Heap Roots: 0.4ms
[2025-05-15T19:34:46.565+0000][6.851s] GC(4)   Evacuate Collection Set: 6.0ms
[2025-05-15T19:34:46.565+0000][6.851s] GC(4)   Post Evacuate Collection Set: 2.6ms
[2025-05-15T19:34:46.565+0000][6.851s] GC(4)   Other: 1.1ms
[2025-05-15T19:34:46.566+0000][6.851s] GC(4) Eden regions: 100->0(291)
[2025-05-15T19:34:46.566+0000][6.852s] GC(4) Survivor regions: 9->16(39)
[2025-05-15T19:34:46.566+0000][6.852s] GC(4) Old regions: 11->11
[2025-05-15T19:34:46.566+0000][6.852s] GC(4) Archive regions: 2->2
[2025-05-15T19:34:46.567+0000][6.853s] GC(4) Humongous regions: 5->4
[2025-05-15T19:34:46.567+0000][6.853s] GC(4) Metaspace: 35712K(36096K)->35712K(36096K) NonClass: 31301K(31488K)->31301K(31488K) Class: 4410K(4608K)->4410K(4608K)
[2025-05-15T19:34:46.568+0000][6.853s] GC(4) Pause Young (Concurrent Start) (Metadata GC Threshold) 124M->30M(512M) 13.708ms
[2025-05-15T19:34:46.568+0000][6.853s] GC(4) User=0.09s Sys=0.00s Real=0.01s
[2025-05-15T19:34:46.568+0000][6.854s] GC(5) Concurrent Mark Cycle
[2025-05-15T19:34:46.569+0000][6.854s] GC(5) Concurrent Clear Claimed Marks
[2025-05-15T19:34:46.569+0000][6.855s] GC(5) Concurrent Clear Claimed Marks 0.377ms
[2025-05-15T19:34:46.569+0000][6.855s] GC(5) Concurrent Scan Root Regions
[2025-05-15T19:34:46.573+0000][6.858s] GC(5) Concurrent Scan Root Regions 3.520ms
[2025-05-15T19:34:46.573+0000][6.859s] GC(5) Concurrent Mark
[2025-05-15T19:34:46.574+0000][6.859s] GC(5) Concurrent Mark From Roots
[2025-05-15T19:34:46.574+0000][6.860s] GC(5) Using 3 workers of 3 for marking
[2025-05-15T19:34:46.585+0000][6.870s] GC(5) Concurrent Mark From Roots 10.805ms
[2025-05-15T19:34:46.585+0000][6.871s] GC(5) Concurrent Preclean
[2025-05-15T19:34:46.586+0000][6.871s] GC(5) Concurrent Preclean 0.649ms
[2025-05-15T19:34:46.586+0000][6.872s] GC(5) Pause Remark
[2025-05-15T19:34:46.591+0000][6.876s] GC(5) Pause Remark 31M->31M(512M) 4.149ms
[2025-05-15T19:34:46.591+0000][6.877s] GC(5) User=0.04s Sys=0.01s Real=0.01s
[2025-05-15T19:34:46.592+0000][6.877s] GC(5) Concurrent Mark 18.370ms
[2025-05-15T19:34:46.592+0000][6.878s] GC(5) Concurrent Rebuild Remembered Sets
[2025-05-15T19:34:46.596+0000][6.882s] GC(5) Concurrent Rebuild Remembered Sets 3.867ms
[2025-05-15T19:34:46.597+0000][6.882s] GC(5) Pause Cleanup
[2025-05-15T19:34:46.598+0000][6.884s] GC(5) Pause Cleanup 32M->32M(512M) 1.154ms
[2025-05-15T19:34:46.598+0000][6.884s] GC(5) User=0.00s Sys=0.00s Real=0.00s
[2025-05-15T19:34:46.599+0000][6.884s] GC(5) Concurrent Cleanup for Next Mark
[2025-05-15T19:34:46.600+0000][6.886s] GC(5) Concurrent Cleanup for Next Mark 1.198ms
[2025-05-15T19:34:46.601+0000][6.886s] GC(5) Concurrent Mark Cycle 32.353ms
[2025-05-15T19:37:10.185+0000][150.478s] Heap
[2025-05-15T19:37:10.185+0000][150.478s]  garbage-first heap   total 524288K, used 191573K [0x00000000e0000000, 0x0000000100000000)
[2025-05-15T19:37:10.185+0000][150.478s]   region size 1024K, 174 young (178176K), 16 survivors (16384K)
[2025-05-15T19:37:10.186+0000][150.479s]  Metaspace       used 53084K, committed 53568K, reserved 1114112K
[2025-05-15T19:37:10.186+0000][150.479s]   class space    used 6875K, committed 7104K, reserved 1048576K
