[2025-05-04T12:02:17.945+0000][0.008s] Using G1
[2025-05-04T12:02:18.132+0000][0.195s] Version: 17.0.10+7 (release)
[2025-05-04T12:02:18.132+0000][0.195s] CPUs: 8 total, 8 available
[2025-05-04T12:02:18.132+0000][0.195s] Memory: 3919M
[2025-05-04T12:02:18.132+0000][0.195s] Large Page Support: Disabled
[2025-05-04T12:02:18.132+0000][0.196s] NUMA Support: Disabled
[2025-05-04T12:02:18.132+0000][0.196s] Compressed Oops: Enabled (32-bit)
[2025-05-04T12:02:18.132+0000][0.196s] Heap Region Size: 1M
[2025-05-04T12:02:18.132+0000][0.196s] Heap Min Capacity: 512M
[2025-05-04T12:02:18.132+0000][0.196s] Heap Initial Capacity: 512M
[2025-05-04T12:02:18.132+0000][0.196s] Heap Max Capacity: 512M
[2025-05-04T12:02:18.132+0000][0.196s] Pre-touch: Enabled
[2025-05-04T12:02:18.132+0000][0.196s] Parallel Workers: 8
[2025-05-04T12:02:18.132+0000][0.196s] Concurrent Workers: 2
[2025-05-04T12:02:18.132+0000][0.196s] Concurrent Refinement Workers: 8
[2025-05-04T12:02:18.132+0000][0.196s] Periodic GC: Disabled
[2025-05-04T12:02:18.138+0000][0.201s] CDS archive(s) mapped at: [0x0000001000000000-0x0000001000a5f000-0x0000001000a5f000), size 10874880, SharedBaseAddress: 0x0000001000000000, ArchiveRelocationMode: 1.
[2025-05-04T12:02:18.138+0000][0.201s] Compressed class space mapped at: 0x0000001001000000-0x0000001041000000, reserved size: 1073741824
[2025-05-04T12:02:18.138+0000][0.201s] Narrow klass base: 0x0000001000000000, Narrow klass shift: 0, Narrow klass range: 0x100000000
[2025-05-04T12:02:18.551+0000][0.615s] GC(0) Pause Young (Normal) (G1 Evacuation Pause)
[2025-05-04T12:02:18.551+0000][0.615s] GC(0) Using 8 workers of 8 for evacuation
[2025-05-04T12:02:18.554+0000][0.617s] GC(0)   Pre Evacuate Collection Set: 0.1ms
[2025-05-04T12:02:18.554+0000][0.617s] GC(0)   Merge Heap Roots: 0.1ms
[2025-05-04T12:02:18.554+0000][0.617s] GC(0)   Evacuate Collection Set: 1.8ms
[2025-05-04T12:02:18.554+0000][0.617s] GC(0)   Post Evacuate Collection Set: 0.4ms
[2025-05-04T12:02:18.554+0000][0.617s] GC(0)   Other: 0.1ms
[2025-05-04T12:02:18.554+0000][0.617s] GC(0) Eden regions: 29->0(59)
[2025-05-04T12:02:18.554+0000][0.617s] GC(0) Survivor regions: 0->4(4)
[2025-05-04T12:02:18.554+0000][0.618s] GC(0) Old regions: 0->1
[2025-05-04T12:02:18.554+0000][0.618s] GC(0) Archive regions: 2->2
[2025-05-04T12:02:18.554+0000][0.618s] GC(0) Humongous regions: 0->0
[2025-05-04T12:02:18.554+0000][0.618s] GC(0) Metaspace: 9801K(10048K)->9801K(10048K) NonClass: 8593K(8704K)->8593K(8704K) Class: 1208K(1344K)->1208K(1344K)
[2025-05-04T12:02:18.554+0000][0.618s] GC(0) Pause Young (Normal) (G1 Evacuation Pause) 29M->5M(512M) 2.857ms
[2025-05-04T12:02:18.554+0000][0.618s] GC(0) User=0.01s Sys=0.00s Real=0.01s
[2025-05-04T12:02:18.796+0000][0.859s] GC(1) Pause Young (Normal) (G1 Evacuation Pause)
[2025-05-04T12:02:18.796+0000][0.859s] GC(1) Using 8 workers of 8 for evacuation
[2025-05-04T12:02:18.803+0000][0.867s] GC(1)   Pre Evacuate Collection Set: 0.1ms
[2025-05-04T12:02:18.804+0000][0.867s] GC(1)   Merge Heap Roots: 0.1ms
[2025-05-04T12:02:18.804+0000][0.867s] GC(1)   Evacuate Collection Set: 7.1ms
[2025-05-04T12:02:18.804+0000][0.867s] GC(1)   Post Evacuate Collection Set: 0.4ms
[2025-05-04T12:02:18.804+0000][0.867s] GC(1)   Other: 0.3ms
[2025-05-04T12:02:18.804+0000][0.867s] GC(1) Eden regions: 59->0(76)
[2025-05-04T12:02:18.804+0000][0.867s] GC(1) Survivor regions: 4->8(8)
[2025-05-04T12:02:18.804+0000][0.867s] GC(1) Old regions: 1->7
[2025-05-04T12:02:18.804+0000][0.867s] GC(1) Archive regions: 2->2
[2025-05-04T12:02:18.804+0000][0.867s] GC(1) Humongous regions: 4->4
[2025-05-04T12:02:18.804+0000][0.868s] GC(1) Metaspace: 17706K(17984K)->17706K(17984K) NonClass: 15512K(15680K)->15512K(15680K) Class: 2194K(2304K)->2194K(2304K)
[2025-05-04T12:02:18.804+0000][0.868s] GC(1) Pause Young (Normal) (G1 Evacuation Pause) 68M->19M(512M) 8.515ms
[2025-05-04T12:02:18.804+0000][0.868s] GC(1) User=0.04s Sys=0.00s Real=0.01s
[2025-05-04T12:02:18.978+0000][1.041s] GC(2) Pause Young (Concurrent Start) (Metadata GC Threshold)
[2025-05-04T12:02:18.978+0000][1.042s] GC(2) Using 8 workers of 8 for evacuation
[2025-05-04T12:02:18.981+0000][1.044s] GC(2)   Pre Evacuate Collection Set: 0.1ms
[2025-05-04T12:02:18.981+0000][1.044s] GC(2)   Merge Heap Roots: 0.1ms
[2025-05-04T12:02:18.981+0000][1.045s] GC(2)   Evacuate Collection Set: 2.1ms
[2025-05-04T12:02:18.981+0000][1.045s] GC(2)   Post Evacuate Collection Set: 0.4ms
[2025-05-04T12:02:18.981+0000][1.045s] GC(2)   Other: 0.4ms
[2025-05-04T12:02:18.981+0000][1.045s] GC(2) Eden regions: 52->0(94)
[2025-05-04T12:02:18.981+0000][1.045s] GC(2) Survivor regions: 8->11(11)
[2025-05-04T12:02:18.981+0000][1.045s] GC(2) Old regions: 7->10
[2025-05-04T12:02:18.981+0000][1.045s] GC(2) Archive regions: 2->2
[2025-05-04T12:02:18.981+0000][1.045s] GC(2) Humongous regions: 5->4
[2025-05-04T12:02:18.981+0000][1.045s] GC(2) Metaspace: 21226K(21504K)->21226K(21504K) NonClass: 18596K(18752K)->18596K(18752K) Class: 2629K(2752K)->2629K(2752K)
[2025-05-04T12:02:18.981+0000][1.045s] GC(2) Pause Young (Concurrent Start) (Metadata GC Threshold) 71M->24M(512M) 3.500ms
[2025-05-04T12:02:18.981+0000][1.045s] GC(2) User=0.01s Sys=0.00s Real=0.00s
[2025-05-04T12:02:18.981+0000][1.045s] GC(3) Concurrent Mark Cycle
[2025-05-04T12:02:18.982+0000][1.045s] GC(3) Concurrent Clear Claimed Marks
[2025-05-04T12:02:18.982+0000][1.045s] GC(3) Concurrent Clear Claimed Marks 0.229ms
[2025-05-04T12:02:18.982+0000][1.045s] GC(3) Concurrent Scan Root Regions
[2025-05-04T12:02:18.984+0000][1.047s] GC(3) Concurrent Scan Root Regions 1.850ms
[2025-05-04T12:02:18.984+0000][1.048s] GC(3) Concurrent Mark
[2025-05-04T12:02:18.984+0000][1.048s] GC(3) Concurrent Mark From Roots
[2025-05-04T12:02:18.984+0000][1.048s] GC(3) Using 2 workers of 2 for marking
[2025-05-04T12:02:18.988+0000][1.051s] GC(3) Concurrent Mark From Roots 3.842ms
[2025-05-04T12:02:18.988+0000][1.052s] GC(3) Concurrent Preclean
[2025-05-04T12:02:18.988+0000][1.052s] GC(3) Concurrent Preclean 0.097ms
[2025-05-04T12:02:18.988+0000][1.052s] GC(3) Pause Remark
[2025-05-04T12:02:18.990+0000][1.054s] GC(3) Pause Remark 26M->26M(512M) 1.843ms
[2025-05-04T12:02:18.990+0000][1.054s] GC(3) User=0.01s Sys=0.00s Real=0.00s
[2025-05-04T12:02:18.990+0000][1.054s] GC(3) Concurrent Mark 6.408ms
[2025-05-04T12:02:18.990+0000][1.054s] GC(3) Concurrent Rebuild Remembered Sets
[2025-05-04T12:02:18.993+0000][1.057s] GC(3) Concurrent Rebuild Remembered Sets 2.552ms
[2025-05-04T12:02:18.994+0000][1.057s] GC(3) Pause Cleanup
[2025-05-04T12:02:18.994+0000][1.057s] GC(3) Pause Cleanup 26M->26M(512M) 0.106ms
[2025-05-04T12:02:18.994+0000][1.057s] GC(3) User=0.00s Sys=0.00s Real=0.00s
[2025-05-04T12:02:18.994+0000][1.057s] GC(3) Concurrent Cleanup for Next Mark
[2025-05-04T12:02:18.994+0000][1.058s] GC(3) Concurrent Cleanup for Next Mark 0.420ms
[2025-05-04T12:02:18.994+0000][1.058s] GC(3) Concurrent Mark Cycle 12.936ms
[2025-05-04T12:02:19.583+0000][1.647s] GC(4) Pause Young (Normal) (G1 Evacuation Pause)
[2025-05-04T12:02:19.584+0000][1.647s] GC(4) Using 8 workers of 8 for evacuation
[2025-05-04T12:02:19.590+0000][1.653s] GC(4)   Pre Evacuate Collection Set: 0.2ms
[2025-05-04T12:02:19.590+0000][1.653s] GC(4)   Merge Heap Roots: 0.1ms
[2025-05-04T12:02:19.590+0000][1.653s] GC(4)   Evacuate Collection Set: 5.1ms
[2025-05-04T12:02:19.590+0000][1.653s] GC(4)   Post Evacuate Collection Set: 0.6ms
[2025-05-04T12:02:19.590+0000][1.654s] GC(4)   Other: 0.3ms
[2025-05-04T12:02:19.590+0000][1.654s] GC(4) Eden regions: 94->0(296)
[2025-05-04T12:02:19.590+0000][1.654s] GC(4) Survivor regions: 11->11(14)
[2025-05-04T12:02:19.590+0000][1.654s] GC(4) Old regions: 10->16
[2025-05-04T12:02:19.590+0000][1.654s] GC(4) Archive regions: 2->2
[2025-05-04T12:02:19.590+0000][1.654s] GC(4) Humongous regions: 4->4
[2025-05-04T12:02:19.590+0000][1.654s] GC(4) Metaspace: 35608K(35968K)->35608K(35968K) NonClass: 31176K(31360K)->31176K(31360K) Class: 4432K(4608K)->4432K(4608K)
[2025-05-04T12:02:19.590+0000][1.654s] GC(4) Pause Young (Normal) (G1 Evacuation Pause) 118M->30M(512M) 6.812ms
[2025-05-04T12:02:19.590+0000][1.654s] GC(4) User=0.04s Sys=0.00s Real=0.00s
[2025-05-04T12:02:19.596+0000][1.660s] GC(5) Pause Young (Concurrent Start) (Metadata GC Threshold)
[2025-05-04T12:02:19.596+0000][1.660s] GC(5) Using 8 workers of 8 for evacuation
[2025-05-04T12:02:19.600+0000][1.664s] GC(5)   Pre Evacuate Collection Set: 0.1ms
[2025-05-04T12:02:19.601+0000][1.664s] GC(5)   Merge Heap Roots: 0.0ms
[2025-05-04T12:02:19.601+0000][1.664s] GC(5)   Evacuate Collection Set: 3.6ms
[2025-05-04T12:02:19.601+0000][1.664s] GC(5)   Post Evacuate Collection Set: 0.3ms
[2025-05-04T12:02:19.601+0000][1.664s] GC(5)   Other: 0.3ms
[2025-05-04T12:02:19.601+0000][1.664s] GC(5) Eden regions: 2->0(297)
[2025-05-04T12:02:19.601+0000][1.664s] GC(5) Survivor regions: 11->10(39)
[2025-05-04T12:02:19.601+0000][1.664s] GC(5) Old regions: 16->16
[2025-05-04T12:02:19.601+0000][1.664s] GC(5) Archive regions: 2->2
[2025-05-04T12:02:19.601+0000][1.664s] GC(5) Humongous regions: 4->4
[2025-05-04T12:02:19.601+0000][1.664s] GC(5) Metaspace: 35776K(36160K)->35776K(36160K) NonClass: 31321K(31552K)->31321K(31552K) Class: 4454K(4608K)->4454K(4608K)
[2025-05-04T12:02:19.601+0000][1.664s] GC(5) Pause Young (Concurrent Start) (Metadata GC Threshold) 32M->30M(512M) 4.630ms
[2025-05-04T12:02:19.601+0000][1.664s] GC(5) User=0.02s Sys=0.00s Real=0.00s
[2025-05-04T12:02:19.601+0000][1.664s] GC(6) Concurrent Mark Cycle
[2025-05-04T12:02:19.601+0000][1.665s] GC(6) Concurrent Clear Claimed Marks
[2025-05-04T12:02:19.601+0000][1.665s] GC(6) Concurrent Clear Claimed Marks 0.054ms
[2025-05-04T12:02:19.601+0000][1.665s] GC(6) Concurrent Scan Root Regions
[2025-05-04T12:02:19.603+0000][1.666s] GC(6) Concurrent Scan Root Regions 1.527ms
[2025-05-04T12:02:19.603+0000][1.667s] GC(6) Concurrent Mark
[2025-05-04T12:02:19.603+0000][1.667s] GC(6) Concurrent Mark From Roots
[2025-05-04T12:02:19.603+0000][1.667s] GC(6) Using 2 workers of 2 for marking
[2025-05-04T12:02:19.611+0000][1.674s] GC(6) Concurrent Mark From Roots 7.535ms
[2025-05-04T12:02:19.612+0000][1.675s] GC(6) Concurrent Preclean
[2025-05-04T12:02:19.612+0000][1.676s] GC(6) Concurrent Preclean 0.185ms
[2025-05-04T12:02:19.612+0000][1.676s] GC(6) Pause Remark
[2025-05-04T12:02:19.614+0000][1.678s] GC(6) Pause Remark 32M->32M(512M) 1.544ms
[2025-05-04T12:02:19.614+0000][1.678s] GC(6) User=0.01s Sys=0.00s Real=0.01s
[2025-05-04T12:02:19.614+0000][1.678s] GC(6) Concurrent Mark 10.849ms
[2025-05-04T12:02:19.615+0000][1.678s] GC(6) Concurrent Rebuild Remembered Sets
[2025-05-04T12:02:19.624+0000][1.688s] GC(6) Concurrent Rebuild Remembered Sets 9.308ms
[2025-05-04T12:02:19.626+0000][1.689s] GC(6) Pause Cleanup
[2025-05-04T12:02:19.626+0000][1.689s] GC(6) Pause Cleanup 35M->35M(512M) 0.152ms
[2025-05-04T12:02:19.626+0000][1.689s] GC(6) User=0.00s Sys=0.00s Real=0.00s
[2025-05-04T12:02:19.626+0000][1.689s] GC(6) Concurrent Cleanup for Next Mark
[2025-05-04T12:02:19.627+0000][1.690s] GC(6) Concurrent Cleanup for Next Mark 0.530ms
[2025-05-04T12:02:19.627+0000][1.690s] GC(6) Concurrent Mark Cycle 25.688ms
[2025-05-04T12:04:45.473+0000][147.537s] Heap
[2025-05-04T12:04:45.474+0000][147.538s]  garbage-first heap   total 524288K, used 108791K [0x00000000e0000000, 0x0000000100000000)
[2025-05-04T12:04:45.474+0000][147.538s]   region size 1024K, 87 young (89088K), 10 survivors (10240K)
[2025-05-04T12:04:45.474+0000][147.538s]  Metaspace       used 43509K, committed 43904K, reserved 1114112K
[2025-05-04T12:04:45.474+0000][147.538s]   class space    used 5559K, committed 5760K, reserved 1048576K
