[2025-05-15T18:52:12.987+0000][0.118s] Using G1
[2025-05-15T18:52:13.100+0000][0.231s] Version: 17.0.10+7 (release)
[2025-05-15T18:52:13.101+0000][0.232s] CPUs: 16 total, 16 available
[2025-05-15T18:52:13.101+0000][0.232s] Memory: 7788M
[2025-05-15T18:52:13.101+0000][0.232s] Large Page Support: Disabled
[2025-05-15T18:52:13.102+0000][0.233s] NUMA Support: Disabled
[2025-05-15T18:52:13.102+0000][0.233s] Compressed Oops: Enabled (32-bit)
[2025-05-15T18:52:13.102+0000][0.233s] Heap Region Size: 1M
[2025-05-15T18:52:13.103+0000][0.234s] Heap Min Capacity: 512M
[2025-05-15T18:52:13.103+0000][0.234s] Heap Initial Capacity: 512M
[2025-05-15T18:52:13.103+0000][0.234s] Heap Max Capacity: 512M
[2025-05-15T18:52:13.104+0000][0.235s] Pre-touch: Enabled
[2025-05-15T18:52:13.104+0000][0.235s] Parallel Workers: 13
[2025-05-15T18:52:13.104+0000][0.235s] Concurrent Workers: 3
[2025-05-15T18:52:13.105+0000][0.236s] Concurrent Refinement Workers: 13
[2025-05-15T18:52:13.105+0000][0.236s] Periodic GC: Disabled
[2025-05-15T18:52:13.115+0000][0.246s] CDS archive(s) mapped at: [0x00007f280f000000-0x00007f280fa5f000-0x00007f280fa5f000), size 10874880, SharedBaseAddress: 0x00007f280f000000, ArchiveRelocationMode: 1.
[2025-05-15T18:52:13.115+0000][0.246s] Compressed class space mapped at: 0x00007f2810000000-0x00007f2850000000, reserved size: 1073741824
[2025-05-15T18:52:13.115+0000][0.246s] Narrow klass base: 0x00007f280f000000, Narrow klass shift: 0, Narrow klass range: 0x100000000
[2025-05-15T18:52:14.987+0000][2.120s] GC(0) Pause Young (Normal) (G1 Evacuation Pause)
[2025-05-15T18:52:14.988+0000][2.121s] GC(0) Using 12 workers of 13 for evacuation
[2025-05-15T18:52:14.995+0000][2.128s] GC(0)   Pre Evacuate Collection Set: 0.4ms
[2025-05-15T18:52:14.995+0000][2.129s] GC(0)   Merge Heap Roots: 0.3ms
[2025-05-15T18:52:14.996+0000][2.129s] GC(0)   Evacuate Collection Set: 4.6ms
[2025-05-15T18:52:14.996+0000][2.129s] GC(0)   Post Evacuate Collection Set: 1.5ms
[2025-05-15T18:52:14.996+0000][2.129s] GC(0)   Other: 0.9ms
[2025-05-15T18:52:14.997+0000][2.130s] GC(0) Eden regions: 29->0(58)
[2025-05-15T18:52:14.997+0000][2.130s] GC(0) Survivor regions: 0->4(4)
[2025-05-15T18:52:14.997+0000][2.130s] GC(0) Old regions: 0->0
[2025-05-15T18:52:14.998+0000][2.131s] GC(0) Archive regions: 2->2
[2025-05-15T18:52:14.998+0000][2.131s] GC(0) Humongous regions: 0->0
[2025-05-15T18:52:14.998+0000][2.131s] GC(0) Metaspace: 9788K(10112K)->9788K(10112K) NonClass: 8597K(8768K)->8597K(8768K) Class: 1190K(1344K)->1190K(1344K)
[2025-05-15T18:52:14.999+0000][2.132s] GC(0) Pause Young (Normal) (G1 Evacuation Pause) 29M->4M(512M) 11.223ms
[2025-05-15T18:52:14.999+0000][2.132s] GC(0) User=0.05s Sys=0.00s Real=0.01s
[2025-05-15T18:52:16.333+0000][3.466s] GC(1) Pause Young (Normal) (G1 Evacuation Pause)
[2025-05-15T18:52:16.333+0000][3.466s] GC(1) Using 13 workers of 13 for evacuation
[2025-05-15T18:52:16.346+0000][3.479s] GC(1)   Pre Evacuate Collection Set: 0.7ms
[2025-05-15T18:52:16.346+0000][3.479s] GC(1)   Merge Heap Roots: 0.4ms
[2025-05-15T18:52:16.347+0000][3.480s] GC(1)   Evacuate Collection Set: 9.7ms
[2025-05-15T18:52:16.347+0000][3.480s] GC(1)   Post Evacuate Collection Set: 1.5ms
[2025-05-15T18:52:16.347+0000][3.480s] GC(1)   Other: 0.7ms
[2025-05-15T18:52:16.347+0000][3.480s] GC(1) Eden regions: 58->0(77)
[2025-05-15T18:52:16.348+0000][3.481s] GC(1) Survivor regions: 4->8(8)
[2025-05-15T18:52:16.348+0000][3.481s] GC(1) Old regions: 0->7
[2025-05-15T18:52:16.348+0000][3.481s] GC(1) Archive regions: 2->2
[2025-05-15T18:52:16.348+0000][3.481s] GC(1) Humongous regions: 4->4
[2025-05-15T18:52:16.349+0000][3.482s] GC(1) Metaspace: 18006K(18240K)->18006K(18240K) NonClass: 15807K(15936K)->15807K(15936K) Class: 2198K(2304K)->2198K(2304K)
[2025-05-15T18:52:16.349+0000][3.482s] GC(1) Pause Young (Normal) (G1 Evacuation Pause) 66M->19M(512M) 15.973ms
[2025-05-15T18:52:16.349+0000][3.482s] GC(1) User=0.10s Sys=0.00s Real=0.01s
[2025-05-15T18:52:17.164+0000][4.297s] GC(2) Pause Young (Normal) (G1 Evacuation Pause)
[2025-05-15T18:52:17.165+0000][4.298s] GC(2) Using 13 workers of 13 for evacuation
[2025-05-15T18:52:17.175+0000][4.308s] GC(2)   Pre Evacuate Collection Set: 0.5ms
[2025-05-15T18:52:17.175+0000][4.308s] GC(2)   Merge Heap Roots: 0.4ms
[2025-05-15T18:52:17.175+0000][4.308s] GC(2)   Evacuate Collection Set: 7.4ms
[2025-05-15T18:52:17.176+0000][4.309s] GC(2)   Post Evacuate Collection Set: 1.7ms
[2025-05-15T18:52:17.176+0000][4.309s] GC(2)   Other: 0.8ms
[2025-05-15T18:52:17.176+0000][4.309s] GC(2) Eden regions: 71->0(302)
[2025-05-15T18:52:17.177+0000][4.310s] GC(2) Survivor regions: 8->5(10)
[2025-05-15T18:52:17.177+0000][4.310s] GC(2) Old regions: 7->15
[2025-05-15T18:52:17.178+0000][4.311s] GC(2) Archive regions: 2->2
[2025-05-15T18:52:17.178+0000][4.311s] GC(2) Humongous regions: 4->4
[2025-05-15T18:52:17.178+0000][4.311s] GC(2) Metaspace: 21154K(21504K)->21154K(21504K) NonClass: 18577K(18816K)->18577K(18816K) Class: 2576K(2688K)->2576K(2688K)
[2025-05-15T18:52:17.179+0000][4.312s] GC(2) Pause Young (Normal) (G1 Evacuation Pause) 90M->24M(512M) 14.331ms
[2025-05-15T18:52:17.179+0000][4.312s] GC(2) User=0.09s Sys=0.00s Real=0.01s
[2025-05-15T18:52:17.185+0000][4.318s] GC(3) Pause Young (Concurrent Start) (Metadata GC Threshold)
[2025-05-15T18:52:17.185+0000][4.318s] GC(3) Using 13 workers of 13 for evacuation
[2025-05-15T18:52:17.190+0000][4.323s] GC(3)   Pre Evacuate Collection Set: 0.4ms
[2025-05-15T18:52:17.190+0000][4.324s] GC(3)   Merge Heap Roots: 0.3ms
[2025-05-15T18:52:17.191+0000][4.324s] GC(3)   Evacuate Collection Set: 2.1ms
[2025-05-15T18:52:17.191+0000][4.324s] GC(3)   Post Evacuate Collection Set: 1.4ms
[2025-05-15T18:52:17.191+0000][4.324s] GC(3)   Other: 1.0ms
[2025-05-15T18:52:17.191+0000][4.325s] GC(3) Eden regions: 1->0(302)
[2025-05-15T18:52:17.192+0000][4.325s] GC(3) Survivor regions: 5->5(39)
[2025-05-15T18:52:17.192+0000][4.325s] GC(3) Old regions: 15->15
[2025-05-15T18:52:17.192+0000][4.325s] GC(3) Archive regions: 2->2
[2025-05-15T18:52:17.192+0000][4.326s] GC(3) Humongous regions: 4->4
[2025-05-15T18:52:17.193+0000][4.326s] GC(3) Metaspace: 21224K(21504K)->21224K(21504K) NonClass: 18641K(18816K)->18641K(18816K) Class: 2583K(2688K)->2583K(2688K)
[2025-05-15T18:52:17.193+0000][4.326s] GC(3) Pause Young (Concurrent Start) (Metadata GC Threshold) 24M->23M(512M) 8.540ms
[2025-05-15T18:52:17.194+0000][4.327s] GC(3) User=0.01s Sys=0.01s Real=0.01s
[2025-05-15T18:52:17.194+0000][4.327s] GC(4) Concurrent Mark Cycle
[2025-05-15T18:52:17.194+0000][4.327s] GC(4) Concurrent Clear Claimed Marks
[2025-05-15T18:52:17.195+0000][4.328s] GC(4) Concurrent Clear Claimed Marks 0.333ms
[2025-05-15T18:52:17.195+0000][4.328s] GC(4) Concurrent Scan Root Regions
[2025-05-15T18:52:17.197+0000][4.330s] GC(4) Concurrent Scan Root Regions 1.571ms
[2025-05-15T18:52:17.197+0000][4.330s] GC(4) Concurrent Mark
[2025-05-15T18:52:17.197+0000][4.330s] GC(4) Concurrent Mark From Roots
[2025-05-15T18:52:17.198+0000][4.331s] GC(4) Using 3 workers of 3 for marking
[2025-05-15T18:52:17.218+0000][4.351s] GC(4) Concurrent Mark From Roots 20.351ms
[2025-05-15T18:52:17.218+0000][4.351s] GC(4) Concurrent Preclean
[2025-05-15T18:52:17.219+0000][4.352s] GC(4) Concurrent Preclean 0.642ms
[2025-05-15T18:52:17.221+0000][4.354s] GC(4) Pause Remark
[2025-05-15T18:52:17.230+0000][4.363s] GC(4) Pause Remark 26M->26M(512M) 8.305ms
[2025-05-15T18:52:17.230+0000][4.363s] GC(4) User=0.02s Sys=0.00s Real=0.01s
[2025-05-15T18:52:17.231+0000][4.364s] GC(4) Concurrent Mark 34.140ms
[2025-05-15T18:52:17.231+0000][4.364s] GC(4) Concurrent Rebuild Remembered Sets
[2025-05-15T18:52:17.238+0000][4.371s] GC(4) Concurrent Rebuild Remembered Sets 6.259ms
[2025-05-15T18:52:17.239+0000][4.372s] GC(4) Pause Cleanup
[2025-05-15T18:52:17.240+0000][4.373s] GC(4) Pause Cleanup 26M->26M(512M) 0.983ms
[2025-05-15T18:52:17.240+0000][4.373s] GC(4) User=0.00s Sys=0.00s Real=0.01s
[2025-05-15T18:52:17.241+0000][4.374s] GC(4) Concurrent Cleanup for Next Mark
[2025-05-15T18:52:17.245+0000][4.378s] GC(4) Concurrent Cleanup for Next Mark 3.949ms
[2025-05-15T18:52:17.245+0000][4.378s] GC(4) Concurrent Mark Cycle 51.302ms
[2025-05-15T18:52:19.842+0000][6.975s] GC(5) Pause Young (Prepare Mixed) (Metadata GC Threshold)
[2025-05-15T18:52:19.843+0000][6.976s] GC(5) Using 13 workers of 13 for evacuation
[2025-05-15T18:52:19.853+0000][6.986s] GC(5)   Pre Evacuate Collection Set: 0.5ms
[2025-05-15T18:52:19.854+0000][6.987s] GC(5)   Merge Heap Roots: 0.4ms
[2025-05-15T18:52:19.854+0000][6.987s] GC(5)   Evacuate Collection Set: 5.6ms
[2025-05-15T18:52:19.854+0000][6.987s] GC(5)   Post Evacuate Collection Set: 3.1ms
[2025-05-15T18:52:19.855+0000][6.988s] GC(5)   Other: 1.3ms
[2025-05-15T18:52:19.855+0000][6.988s] GC(5) Eden regions: 94->0(14)
[2025-05-15T18:52:19.855+0000][6.989s] GC(5) Survivor regions: 5->11(39)
[2025-05-15T18:52:19.856+0000][6.989s] GC(5) Old regions: 15->15
[2025-05-15T18:52:19.856+0000][6.989s] GC(5) Archive regions: 2->2
[2025-05-15T18:52:19.856+0000][6.989s] GC(5) Humongous regions: 5->4
[2025-05-15T18:52:19.857+0000][6.990s] GC(5) Metaspace: 35734K(36096K)->35734K(36096K) NonClass: 31315K(31488K)->31315K(31488K) Class: 4418K(4608K)->4418K(4608K)
[2025-05-15T18:52:19.857+0000][6.990s] GC(5) Pause Young (Prepare Mixed) (Metadata GC Threshold) 118M->30M(512M) 14.804ms
[2025-05-15T18:52:19.857+0000][6.990s] GC(5) User=0.07s Sys=0.02s Real=0.01s
[2025-05-15T18:52:19.881+0000][7.014s] GC(6) Pause Young (Mixed) (Metadata GC Threshold)
[2025-05-15T18:52:19.882+0000][7.015s] GC(6) Using 13 workers of 13 for evacuation
[2025-05-15T18:52:19.890+0000][7.023s] GC(6)   Pre Evacuate Collection Set: 0.5ms
[2025-05-15T18:52:19.891+0000][7.024s] GC(6)   Merge Heap Roots: 0.4ms
[2025-05-15T18:52:19.891+0000][7.024s] GC(6)   Evacuate Collection Set: 5.5ms
[2025-05-15T18:52:19.891+0000][7.024s] GC(6)   Post Evacuate Collection Set: 1.7ms
[2025-05-15T18:52:19.892+0000][7.025s] GC(6)   Other: 0.8ms
[2025-05-15T18:52:19.892+0000][7.025s] GC(6) Eden regions: 2->0(305)
[2025-05-15T18:52:19.892+0000][7.025s] GC(6) Survivor regions: 11->2(4)
[2025-05-15T18:52:19.893+0000][7.026s] GC(6) Old regions: 15->26
[2025-05-15T18:52:19.893+0000][7.026s] GC(6) Archive regions: 2->2
[2025-05-15T18:52:19.893+0000][7.026s] GC(6) Humongous regions: 4->4
[2025-05-15T18:52:19.893+0000][7.026s] GC(6) Metaspace: 36012K(36416K)->36012K(36416K) NonClass: 31557K(31808K)->31557K(31808K) Class: 4455K(4608K)->4455K(4608K)
[2025-05-15T18:52:19.894+0000][7.027s] GC(6) Pause Young (Mixed) (Metadata GC Threshold) 31M->31M(512M) 12.329ms
[2025-05-15T18:52:19.894+0000][7.027s] GC(6) User=0.07s Sys=0.01s Real=0.01s
[2025-05-15T18:52:19.923+0000][7.056s] GC(7) Pause Young (Concurrent Start) (Metadata GC Threshold)
[2025-05-15T18:52:19.924+0000][7.057s] GC(7) Using 13 workers of 13 for evacuation
[2025-05-15T18:52:19.928+0000][7.061s] GC(7)   Pre Evacuate Collection Set: 0.5ms
[2025-05-15T18:52:19.929+0000][7.062s] GC(7)   Merge Heap Roots: 0.4ms
[2025-05-15T18:52:19.929+0000][7.062s] GC(7)   Evacuate Collection Set: 1.8ms
[2025-05-15T18:52:19.929+0000][7.062s] GC(7)   Post Evacuate Collection Set: 1.5ms
[2025-05-15T18:52:19.929+0000][7.063s] GC(7)   Other: 0.7ms
[2025-05-15T18:52:19.930+0000][7.063s] GC(7) Eden regions: 3->0(306)
[2025-05-15T18:52:19.930+0000][7.063s] GC(7) Survivor regions: 2->1(39)
[2025-05-15T18:52:19.930+0000][7.063s] GC(7) Old regions: 26->26
[2025-05-15T18:52:19.931+0000][7.064s] GC(7) Archive regions: 2->2
[2025-05-15T18:52:19.931+0000][7.064s] GC(7) Humongous regions: 4->4
[2025-05-15T18:52:19.931+0000][7.064s] GC(7) Metaspace: 36378K(36736K)->36378K(36736K) NonClass: 31868K(32064K)->31868K(32064K) Class: 4509K(4672K)->4509K(4672K)
[2025-05-15T18:52:19.931+0000][7.064s] GC(7) Pause Young (Concurrent Start) (Metadata GC Threshold) 33M->30M(512M) 7.989ms
[2025-05-15T18:52:19.932+0000][7.065s] GC(7) User=0.03s Sys=0.00s Real=0.01s
[2025-05-15T18:52:19.932+0000][7.065s] GC(8) Concurrent Mark Cycle
[2025-05-15T18:52:19.932+0000][7.065s] GC(8) Concurrent Clear Claimed Marks
[2025-05-15T18:52:19.933+0000][7.066s] GC(8) Concurrent Clear Claimed Marks 0.390ms
[2025-05-15T18:52:19.933+0000][7.066s] GC(8) Concurrent Scan Root Regions
[2025-05-15T18:52:19.934+0000][7.067s] GC(8) Concurrent Scan Root Regions 1.225ms
[2025-05-15T18:52:19.935+0000][7.068s] GC(8) Concurrent Mark
[2025-05-15T18:52:19.935+0000][7.068s] GC(8) Concurrent Mark From Roots
[2025-05-15T18:52:19.935+0000][7.068s] GC(8) Using 3 workers of 3 for marking
[2025-05-15T18:52:19.956+0000][7.089s] GC(8) Concurrent Mark From Roots 20.681ms
[2025-05-15T18:52:19.956+0000][7.089s] GC(8) Concurrent Preclean
[2025-05-15T18:52:19.957+0000][7.090s] GC(8) Concurrent Preclean 0.694ms
[2025-05-15T18:52:19.957+0000][7.090s] GC(8) Pause Remark
[2025-05-15T18:52:19.961+0000][7.094s] GC(8) Pause Remark 32M->32M(512M) 3.908ms
[2025-05-15T18:52:19.962+0000][7.095s] GC(8) User=0.02s Sys=0.01s Real=0.01s
[2025-05-15T18:52:19.962+0000][7.095s] GC(8) Concurrent Mark 27.710ms
[2025-05-15T18:52:19.963+0000][7.096s] GC(8) Concurrent Rebuild Remembered Sets
[2025-05-15T18:52:19.970+0000][7.103s] GC(8) Concurrent Rebuild Remembered Sets 7.093ms
[2025-05-15T18:52:19.971+0000][7.104s] GC(8) Pause Cleanup
[2025-05-15T18:52:19.971+0000][7.104s] GC(8) Pause Cleanup 32M->32M(512M) 0.709ms
[2025-05-15T18:52:19.972+0000][7.105s] GC(8) User=0.00s Sys=0.00s Real=0.00s
[2025-05-15T18:52:19.972+0000][7.105s] GC(8) Concurrent Cleanup for Next Mark
[2025-05-15T18:52:19.976+0000][7.109s] GC(8) Concurrent Cleanup for Next Mark 3.543ms
[2025-05-15T18:52:19.976+0000][7.109s] GC(8) Concurrent Mark Cycle 44.261ms
[2025-05-15T19:34:33.906+0000][2541.198s] Heap
[2025-05-15T19:34:33.906+0000][2541.198s]  garbage-first heap   total 524288K, used 274159K [0x00000000e0000000, 0x0000000100000000)
[2025-05-15T19:34:33.906+0000][2541.198s]   region size 1024K, 239 young (244736K), 1 survivors (1024K)
[2025-05-15T19:34:33.907+0000][2541.198s]  Metaspace       used 54845K, committed 55424K, reserved 1114112K
[2025-05-15T19:34:33.907+0000][2541.199s]   class space    used 6973K, committed 7232K, reserved 1048576K
